

================================================================
== Vivado HLS Report for 'transpose_matrix'
================================================================
* Date:           Mon Jun 19 20:01:23 2023

* Version:        2019.2 (Build 2704478 on Wed Nov 06 22:10:23 MST 2019)
* Project:        dct
* Solution:       solution1
* Product family: virtexuplus
* Target device:  xcvu47p-fsvh2892-3-e


================================================================
== Performance Estimates
================================================================
+ Timing: 
    * Summary: 
    +--------+----------+----------+------------+
    |  Clock |  Target  | Estimated| Uncertainty|
    +--------+----------+----------+------------+
    |ap_clk  | 10.00 ns | 1.084 ns |   1.25 ns  |
    +--------+----------+----------+------------+

+ Latency: 
    * Summary: 
    +---------+---------+-----------+-----------+-----+-----+----------+
    |  Latency (cycles) |   Latency (absolute)  |  Interval | Pipeline |
    |   min   |   max   |    min    |    max    | min | max |   Type   |
    +---------+---------+-----------+-----------+-----+-----+----------+
    |        7|        7| 70.000 ns | 70.000 ns |    4|    4| function |
    +---------+---------+-----------+-----------+-----+-----+----------+

    + Detail: 
        * Instance: 
        N/A

        * Loop: 
        N/A

============================================================
+ Verbose Summary: Synthesis Manager
============================================================
InlineROM: 1
ExposeGlobal: 0
============================================================
+ Verbose Summary: CDFG Model
============================================================
IsTopModel: 0
ResetActiveHigh: 1
IsCombinational: 0
IsDatapathOnly: 0
HasWiredReturn: 1
HasMFsm: 2
HasVarLatency: 0
IsPipeline: 1
IsRtlPipelined: 1
IsInstanceOverlapped: 0
IsDontTouch: 0
HasImplIP: 0
IsGatedGlobalClock: 0

+ Individual pipeline summary: 
  * Pipeline-0: initiation interval (II) = 4, depth = 8


============================================================
+ Verbose Summary: Schedule
============================================================
* Number of FSM states : 8
* Pipeline : 1
  Pipeline-0 : II = 4, D = 8, States = { 1 2 3 4 5 6 7 8 }
* Dataflow Pipeline: 0

* FSM state transitions: 
1 --> 2 
2 --> 3 
3 --> 4 
4 --> 5 
5 --> 6 
6 --> 7 
7 --> 8 
8 --> 

* FSM state operations: 

State 1 <SV = 0> <Delay = 0.54>
ST_1 : Operation 9 [1/1] (0.00ns)   --->   "%input_0_addr = getelementptr [8 x i16]* %input_0, i64 0, i64 0" [dct.c:35]   --->   Operation 9 'getelementptr' 'input_0_addr' <Predicate = true> <Delay = 0.00>
ST_1 : Operation 10 [2/2] (0.54ns)   --->   "%input_0_load = load i16* %input_0_addr, align 2" [dct.c:35]   --->   Operation 10 'load' 'input_0_load' <Predicate = true> <Delay = 0.54> <Core = "RAM">   --->   Core 37 'RAM' <Latency = 1> <II = 1> <Delay = 0.54> <Storage> <Opcode : 'load' 'store'> <Ports = 2> <Width = 16> <Depth = 8> <RAM>
ST_1 : Operation 11 [1/1] (0.00ns)   --->   "%input_1_addr = getelementptr [8 x i16]* %input_1, i64 0, i64 0" [dct.c:35]   --->   Operation 11 'getelementptr' 'input_1_addr' <Predicate = true> <Delay = 0.00>
ST_1 : Operation 12 [2/2] (0.54ns)   --->   "%input_1_load = load i16* %input_1_addr, align 2" [dct.c:35]   --->   Operation 12 'load' 'input_1_load' <Predicate = true> <Delay = 0.54> <Core = "RAM">   --->   Core 37 'RAM' <Latency = 1> <II = 1> <Delay = 0.54> <Storage> <Opcode : 'load' 'store'> <Ports = 2> <Width = 16> <Depth = 8> <RAM>
ST_1 : Operation 13 [1/1] (0.00ns)   --->   "%input_2_addr = getelementptr [8 x i16]* %input_2, i64 0, i64 0" [dct.c:35]   --->   Operation 13 'getelementptr' 'input_2_addr' <Predicate = true> <Delay = 0.00>
ST_1 : Operation 14 [2/2] (0.54ns)   --->   "%input_2_load = load i16* %input_2_addr, align 2" [dct.c:35]   --->   Operation 14 'load' 'input_2_load' <Predicate = true> <Delay = 0.54> <Core = "RAM">   --->   Core 37 'RAM' <Latency = 1> <II = 1> <Delay = 0.54> <Storage> <Opcode : 'load' 'store'> <Ports = 2> <Width = 16> <Depth = 8> <RAM>
ST_1 : Operation 15 [1/1] (0.00ns)   --->   "%input_3_addr = getelementptr [8 x i16]* %input_3, i64 0, i64 0" [dct.c:35]   --->   Operation 15 'getelementptr' 'input_3_addr' <Predicate = true> <Delay = 0.00>
ST_1 : Operation 16 [2/2] (0.54ns)   --->   "%input_3_load = load i16* %input_3_addr, align 2" [dct.c:35]   --->   Operation 16 'load' 'input_3_load' <Predicate = true> <Delay = 0.54> <Core = "RAM">   --->   Core 37 'RAM' <Latency = 1> <II = 1> <Delay = 0.54> <Storage> <Opcode : 'load' 'store'> <Ports = 2> <Width = 16> <Depth = 8> <RAM>
ST_1 : Operation 17 [1/1] (0.00ns)   --->   "%input_4_addr = getelementptr [8 x i16]* %input_4, i64 0, i64 0" [dct.c:35]   --->   Operation 17 'getelementptr' 'input_4_addr' <Predicate = true> <Delay = 0.00>
ST_1 : Operation 18 [2/2] (0.54ns)   --->   "%input_4_load = load i16* %input_4_addr, align 2" [dct.c:35]   --->   Operation 18 'load' 'input_4_load' <Predicate = true> <Delay = 0.54> <Core = "RAM">   --->   Core 37 'RAM' <Latency = 1> <II = 1> <Delay = 0.54> <Storage> <Opcode : 'load' 'store'> <Ports = 2> <Width = 16> <Depth = 8> <RAM>
ST_1 : Operation 19 [1/1] (0.00ns)   --->   "%input_5_addr = getelementptr [8 x i16]* %input_5, i64 0, i64 0" [dct.c:35]   --->   Operation 19 'getelementptr' 'input_5_addr' <Predicate = true> <Delay = 0.00>
ST_1 : Operation 20 [2/2] (0.54ns)   --->   "%input_5_load = load i16* %input_5_addr, align 2" [dct.c:35]   --->   Operation 20 'load' 'input_5_load' <Predicate = true> <Delay = 0.54> <Core = "RAM">   --->   Core 37 'RAM' <Latency = 1> <II = 1> <Delay = 0.54> <Storage> <Opcode : 'load' 'store'> <Ports = 2> <Width = 16> <Depth = 8> <RAM>
ST_1 : Operation 21 [1/1] (0.00ns)   --->   "%input_6_addr = getelementptr [8 x i16]* %input_6, i64 0, i64 0" [dct.c:35]   --->   Operation 21 'getelementptr' 'input_6_addr' <Predicate = true> <Delay = 0.00>
ST_1 : Operation 22 [2/2] (0.54ns)   --->   "%input_6_load = load i16* %input_6_addr, align 2" [dct.c:35]   --->   Operation 22 'load' 'input_6_load' <Predicate = true> <Delay = 0.54> <Core = "RAM">   --->   Core 37 'RAM' <Latency = 1> <II = 1> <Delay = 0.54> <Storage> <Opcode : 'load' 'store'> <Ports = 2> <Width = 16> <Depth = 8> <RAM>
ST_1 : Operation 23 [1/1] (0.00ns)   --->   "%input_7_addr = getelementptr [8 x i16]* %input_7, i64 0, i64 0" [dct.c:35]   --->   Operation 23 'getelementptr' 'input_7_addr' <Predicate = true> <Delay = 0.00>
ST_1 : Operation 24 [2/2] (0.54ns)   --->   "%input_7_load = load i16* %input_7_addr, align 2" [dct.c:35]   --->   Operation 24 'load' 'input_7_load' <Predicate = true> <Delay = 0.54> <Core = "RAM">   --->   Core 37 'RAM' <Latency = 1> <II = 1> <Delay = 0.54> <Storage> <Opcode : 'load' 'store'> <Ports = 2> <Width = 16> <Depth = 8> <RAM>
ST_1 : Operation 25 [1/1] (0.00ns)   --->   "%input_0_addr_15 = getelementptr [8 x i16]* %input_0, i64 0, i64 1" [dct.c:35]   --->   Operation 25 'getelementptr' 'input_0_addr_15' <Predicate = true> <Delay = 0.00>
ST_1 : Operation 26 [2/2] (0.54ns)   --->   "%input_0_load_15 = load i16* %input_0_addr_15, align 2" [dct.c:35]   --->   Operation 26 'load' 'input_0_load_15' <Predicate = true> <Delay = 0.54> <Core = "RAM">   --->   Core 37 'RAM' <Latency = 1> <II = 1> <Delay = 0.54> <Storage> <Opcode : 'load' 'store'> <Ports = 2> <Width = 16> <Depth = 8> <RAM>
ST_1 : Operation 27 [1/1] (0.00ns)   --->   "%input_1_addr_15 = getelementptr [8 x i16]* %input_1, i64 0, i64 1" [dct.c:35]   --->   Operation 27 'getelementptr' 'input_1_addr_15' <Predicate = true> <Delay = 0.00>
ST_1 : Operation 28 [2/2] (0.54ns)   --->   "%input_1_load_15 = load i16* %input_1_addr_15, align 2" [dct.c:35]   --->   Operation 28 'load' 'input_1_load_15' <Predicate = true> <Delay = 0.54> <Core = "RAM">   --->   Core 37 'RAM' <Latency = 1> <II = 1> <Delay = 0.54> <Storage> <Opcode : 'load' 'store'> <Ports = 2> <Width = 16> <Depth = 8> <RAM>
ST_1 : Operation 29 [1/1] (0.00ns)   --->   "%input_2_addr_15 = getelementptr [8 x i16]* %input_2, i64 0, i64 1" [dct.c:35]   --->   Operation 29 'getelementptr' 'input_2_addr_15' <Predicate = true> <Delay = 0.00>
ST_1 : Operation 30 [2/2] (0.54ns)   --->   "%input_2_load_15 = load i16* %input_2_addr_15, align 2" [dct.c:35]   --->   Operation 30 'load' 'input_2_load_15' <Predicate = true> <Delay = 0.54> <Core = "RAM">   --->   Core 37 'RAM' <Latency = 1> <II = 1> <Delay = 0.54> <Storage> <Opcode : 'load' 'store'> <Ports = 2> <Width = 16> <Depth = 8> <RAM>
ST_1 : Operation 31 [1/1] (0.00ns)   --->   "%input_3_addr_15 = getelementptr [8 x i16]* %input_3, i64 0, i64 1" [dct.c:35]   --->   Operation 31 'getelementptr' 'input_3_addr_15' <Predicate = true> <Delay = 0.00>
ST_1 : Operation 32 [2/2] (0.54ns)   --->   "%input_3_load_15 = load i16* %input_3_addr_15, align 2" [dct.c:35]   --->   Operation 32 'load' 'input_3_load_15' <Predicate = true> <Delay = 0.54> <Core = "RAM">   --->   Core 37 'RAM' <Latency = 1> <II = 1> <Delay = 0.54> <Storage> <Opcode : 'load' 'store'> <Ports = 2> <Width = 16> <Depth = 8> <RAM>
ST_1 : Operation 33 [1/1] (0.00ns)   --->   "%input_4_addr_15 = getelementptr [8 x i16]* %input_4, i64 0, i64 1" [dct.c:35]   --->   Operation 33 'getelementptr' 'input_4_addr_15' <Predicate = true> <Delay = 0.00>
ST_1 : Operation 34 [2/2] (0.54ns)   --->   "%input_4_load_15 = load i16* %input_4_addr_15, align 2" [dct.c:35]   --->   Operation 34 'load' 'input_4_load_15' <Predicate = true> <Delay = 0.54> <Core = "RAM">   --->   Core 37 'RAM' <Latency = 1> <II = 1> <Delay = 0.54> <Storage> <Opcode : 'load' 'store'> <Ports = 2> <Width = 16> <Depth = 8> <RAM>
ST_1 : Operation 35 [1/1] (0.00ns)   --->   "%input_5_addr_15 = getelementptr [8 x i16]* %input_5, i64 0, i64 1" [dct.c:35]   --->   Operation 35 'getelementptr' 'input_5_addr_15' <Predicate = true> <Delay = 0.00>
ST_1 : Operation 36 [2/2] (0.54ns)   --->   "%input_5_load_15 = load i16* %input_5_addr_15, align 2" [dct.c:35]   --->   Operation 36 'load' 'input_5_load_15' <Predicate = true> <Delay = 0.54> <Core = "RAM">   --->   Core 37 'RAM' <Latency = 1> <II = 1> <Delay = 0.54> <Storage> <Opcode : 'load' 'store'> <Ports = 2> <Width = 16> <Depth = 8> <RAM>
ST_1 : Operation 37 [1/1] (0.00ns)   --->   "%input_6_addr_15 = getelementptr [8 x i16]* %input_6, i64 0, i64 1" [dct.c:35]   --->   Operation 37 'getelementptr' 'input_6_addr_15' <Predicate = true> <Delay = 0.00>
ST_1 : Operation 38 [2/2] (0.54ns)   --->   "%input_6_load_15 = load i16* %input_6_addr_15, align 2" [dct.c:35]   --->   Operation 38 'load' 'input_6_load_15' <Predicate = true> <Delay = 0.54> <Core = "RAM">   --->   Core 37 'RAM' <Latency = 1> <II = 1> <Delay = 0.54> <Storage> <Opcode : 'load' 'store'> <Ports = 2> <Width = 16> <Depth = 8> <RAM>
ST_1 : Operation 39 [1/1] (0.00ns)   --->   "%input_7_addr_15 = getelementptr [8 x i16]* %input_7, i64 0, i64 1" [dct.c:35]   --->   Operation 39 'getelementptr' 'input_7_addr_15' <Predicate = true> <Delay = 0.00>
ST_1 : Operation 40 [2/2] (0.54ns)   --->   "%input_7_load_15 = load i16* %input_7_addr_15, align 2" [dct.c:35]   --->   Operation 40 'load' 'input_7_load_15' <Predicate = true> <Delay = 0.54> <Core = "RAM">   --->   Core 37 'RAM' <Latency = 1> <II = 1> <Delay = 0.54> <Storage> <Opcode : 'load' 'store'> <Ports = 2> <Width = 16> <Depth = 8> <RAM>

State 2 <SV = 1> <Delay = 1.08>
ST_2 : Operation 41 [1/2] (0.54ns)   --->   "%input_0_load = load i16* %input_0_addr, align 2" [dct.c:35]   --->   Operation 41 'load' 'input_0_load' <Predicate = true> <Delay = 0.54> <Core = "RAM">   --->   Core 37 'RAM' <Latency = 1> <II = 1> <Delay = 0.54> <Storage> <Opcode : 'load' 'store'> <Ports = 2> <Width = 16> <Depth = 8> <RAM>
ST_2 : Operation 42 [1/1] (0.54ns)   --->   "store i16 %input_0_load, i16* getelementptr inbounds ([8 x i16]* @DCT_1D_in_buf_col_0, i64 0, i64 0), align 2" [dct.c:35]   --->   Operation 42 'store' <Predicate = true> <Delay = 0.54> <Core = "RAM">   --->   Core 37 'RAM' <Latency = 1> <II = 1> <Delay = 0.54> <Storage> <Opcode : 'load' 'store'> <Ports = 2> <Width = 16> <Depth = 8> <RAM>
ST_2 : Operation 43 [1/2] (0.54ns)   --->   "%input_1_load = load i16* %input_1_addr, align 2" [dct.c:35]   --->   Operation 43 'load' 'input_1_load' <Predicate = true> <Delay = 0.54> <Core = "RAM">   --->   Core 37 'RAM' <Latency = 1> <II = 1> <Delay = 0.54> <Storage> <Opcode : 'load' 'store'> <Ports = 2> <Width = 16> <Depth = 8> <RAM>
ST_2 : Operation 44 [1/1] (0.54ns)   --->   "store i16 %input_1_load, i16* getelementptr inbounds ([8 x i16]* @DCT_1D_in_buf_col_0, i64 0, i64 1), align 2" [dct.c:35]   --->   Operation 44 'store' <Predicate = true> <Delay = 0.54> <Core = "RAM">   --->   Core 37 'RAM' <Latency = 1> <II = 1> <Delay = 0.54> <Storage> <Opcode : 'load' 'store'> <Ports = 2> <Width = 16> <Depth = 8> <RAM>
ST_2 : Operation 45 [1/2] (0.54ns)   --->   "%input_2_load = load i16* %input_2_addr, align 2" [dct.c:35]   --->   Operation 45 'load' 'input_2_load' <Predicate = true> <Delay = 0.54> <Core = "RAM">   --->   Core 37 'RAM' <Latency = 1> <II = 1> <Delay = 0.54> <Storage> <Opcode : 'load' 'store'> <Ports = 2> <Width = 16> <Depth = 8> <RAM>
ST_2 : Operation 46 [1/2] (0.54ns)   --->   "%input_3_load = load i16* %input_3_addr, align 2" [dct.c:35]   --->   Operation 46 'load' 'input_3_load' <Predicate = true> <Delay = 0.54> <Core = "RAM">   --->   Core 37 'RAM' <Latency = 1> <II = 1> <Delay = 0.54> <Storage> <Opcode : 'load' 'store'> <Ports = 2> <Width = 16> <Depth = 8> <RAM>
ST_2 : Operation 47 [1/2] (0.54ns)   --->   "%input_4_load = load i16* %input_4_addr, align 2" [dct.c:35]   --->   Operation 47 'load' 'input_4_load' <Predicate = true> <Delay = 0.54> <Core = "RAM">   --->   Core 37 'RAM' <Latency = 1> <II = 1> <Delay = 0.54> <Storage> <Opcode : 'load' 'store'> <Ports = 2> <Width = 16> <Depth = 8> <RAM>
ST_2 : Operation 48 [1/2] (0.54ns)   --->   "%input_5_load = load i16* %input_5_addr, align 2" [dct.c:35]   --->   Operation 48 'load' 'input_5_load' <Predicate = true> <Delay = 0.54> <Core = "RAM">   --->   Core 37 'RAM' <Latency = 1> <II = 1> <Delay = 0.54> <Storage> <Opcode : 'load' 'store'> <Ports = 2> <Width = 16> <Depth = 8> <RAM>
ST_2 : Operation 49 [1/2] (0.54ns)   --->   "%input_6_load = load i16* %input_6_addr, align 2" [dct.c:35]   --->   Operation 49 'load' 'input_6_load' <Predicate = true> <Delay = 0.54> <Core = "RAM">   --->   Core 37 'RAM' <Latency = 1> <II = 1> <Delay = 0.54> <Storage> <Opcode : 'load' 'store'> <Ports = 2> <Width = 16> <Depth = 8> <RAM>
ST_2 : Operation 50 [1/2] (0.54ns)   --->   "%input_7_load = load i16* %input_7_addr, align 2" [dct.c:35]   --->   Operation 50 'load' 'input_7_load' <Predicate = true> <Delay = 0.54> <Core = "RAM">   --->   Core 37 'RAM' <Latency = 1> <II = 1> <Delay = 0.54> <Storage> <Opcode : 'load' 'store'> <Ports = 2> <Width = 16> <Depth = 8> <RAM>
ST_2 : Operation 51 [1/2] (0.54ns)   --->   "%input_0_load_15 = load i16* %input_0_addr_15, align 2" [dct.c:35]   --->   Operation 51 'load' 'input_0_load_15' <Predicate = true> <Delay = 0.54> <Core = "RAM">   --->   Core 37 'RAM' <Latency = 1> <II = 1> <Delay = 0.54> <Storage> <Opcode : 'load' 'store'> <Ports = 2> <Width = 16> <Depth = 8> <RAM>
ST_2 : Operation 52 [1/1] (0.54ns)   --->   "store i16 %input_0_load_15, i16* getelementptr inbounds ([8 x i16]* @DCT_1D_in_buf_col_1, i64 0, i64 0), align 2" [dct.c:35]   --->   Operation 52 'store' <Predicate = true> <Delay = 0.54> <Core = "RAM">   --->   Core 37 'RAM' <Latency = 1> <II = 1> <Delay = 0.54> <Storage> <Opcode : 'load' 'store'> <Ports = 2> <Width = 16> <Depth = 8> <RAM>
ST_2 : Operation 53 [1/2] (0.54ns)   --->   "%input_1_load_15 = load i16* %input_1_addr_15, align 2" [dct.c:35]   --->   Operation 53 'load' 'input_1_load_15' <Predicate = true> <Delay = 0.54> <Core = "RAM">   --->   Core 37 'RAM' <Latency = 1> <II = 1> <Delay = 0.54> <Storage> <Opcode : 'load' 'store'> <Ports = 2> <Width = 16> <Depth = 8> <RAM>
ST_2 : Operation 54 [1/1] (0.54ns)   --->   "store i16 %input_1_load_15, i16* getelementptr inbounds ([8 x i16]* @DCT_1D_in_buf_col_1, i64 0, i64 1), align 2" [dct.c:35]   --->   Operation 54 'store' <Predicate = true> <Delay = 0.54> <Core = "RAM">   --->   Core 37 'RAM' <Latency = 1> <II = 1> <Delay = 0.54> <Storage> <Opcode : 'load' 'store'> <Ports = 2> <Width = 16> <Depth = 8> <RAM>
ST_2 : Operation 55 [1/2] (0.54ns)   --->   "%input_2_load_15 = load i16* %input_2_addr_15, align 2" [dct.c:35]   --->   Operation 55 'load' 'input_2_load_15' <Predicate = true> <Delay = 0.54> <Core = "RAM">   --->   Core 37 'RAM' <Latency = 1> <II = 1> <Delay = 0.54> <Storage> <Opcode : 'load' 'store'> <Ports = 2> <Width = 16> <Depth = 8> <RAM>
ST_2 : Operation 56 [1/2] (0.54ns)   --->   "%input_3_load_15 = load i16* %input_3_addr_15, align 2" [dct.c:35]   --->   Operation 56 'load' 'input_3_load_15' <Predicate = true> <Delay = 0.54> <Core = "RAM">   --->   Core 37 'RAM' <Latency = 1> <II = 1> <Delay = 0.54> <Storage> <Opcode : 'load' 'store'> <Ports = 2> <Width = 16> <Depth = 8> <RAM>
ST_2 : Operation 57 [1/2] (0.54ns)   --->   "%input_4_load_15 = load i16* %input_4_addr_15, align 2" [dct.c:35]   --->   Operation 57 'load' 'input_4_load_15' <Predicate = true> <Delay = 0.54> <Core = "RAM">   --->   Core 37 'RAM' <Latency = 1> <II = 1> <Delay = 0.54> <Storage> <Opcode : 'load' 'store'> <Ports = 2> <Width = 16> <Depth = 8> <RAM>
ST_2 : Operation 58 [1/2] (0.54ns)   --->   "%input_5_load_15 = load i16* %input_5_addr_15, align 2" [dct.c:35]   --->   Operation 58 'load' 'input_5_load_15' <Predicate = true> <Delay = 0.54> <Core = "RAM">   --->   Core 37 'RAM' <Latency = 1> <II = 1> <Delay = 0.54> <Storage> <Opcode : 'load' 'store'> <Ports = 2> <Width = 16> <Depth = 8> <RAM>
ST_2 : Operation 59 [1/2] (0.54ns)   --->   "%input_6_load_15 = load i16* %input_6_addr_15, align 2" [dct.c:35]   --->   Operation 59 'load' 'input_6_load_15' <Predicate = true> <Delay = 0.54> <Core = "RAM">   --->   Core 37 'RAM' <Latency = 1> <II = 1> <Delay = 0.54> <Storage> <Opcode : 'load' 'store'> <Ports = 2> <Width = 16> <Depth = 8> <RAM>
ST_2 : Operation 60 [1/2] (0.54ns)   --->   "%input_7_load_15 = load i16* %input_7_addr_15, align 2" [dct.c:35]   --->   Operation 60 'load' 'input_7_load_15' <Predicate = true> <Delay = 0.54> <Core = "RAM">   --->   Core 37 'RAM' <Latency = 1> <II = 1> <Delay = 0.54> <Storage> <Opcode : 'load' 'store'> <Ports = 2> <Width = 16> <Depth = 8> <RAM>
ST_2 : Operation 61 [1/1] (0.00ns)   --->   "%input_0_addr_16 = getelementptr [8 x i16]* %input_0, i64 0, i64 2" [dct.c:35]   --->   Operation 61 'getelementptr' 'input_0_addr_16' <Predicate = true> <Delay = 0.00>
ST_2 : Operation 62 [2/2] (0.54ns)   --->   "%input_0_load_16 = load i16* %input_0_addr_16, align 2" [dct.c:35]   --->   Operation 62 'load' 'input_0_load_16' <Predicate = true> <Delay = 0.54> <Core = "RAM">   --->   Core 37 'RAM' <Latency = 1> <II = 1> <Delay = 0.54> <Storage> <Opcode : 'load' 'store'> <Ports = 2> <Width = 16> <Depth = 8> <RAM>
ST_2 : Operation 63 [1/1] (0.00ns)   --->   "%input_1_addr_16 = getelementptr [8 x i16]* %input_1, i64 0, i64 2" [dct.c:35]   --->   Operation 63 'getelementptr' 'input_1_addr_16' <Predicate = true> <Delay = 0.00>
ST_2 : Operation 64 [2/2] (0.54ns)   --->   "%input_1_load_16 = load i16* %input_1_addr_16, align 2" [dct.c:35]   --->   Operation 64 'load' 'input_1_load_16' <Predicate = true> <Delay = 0.54> <Core = "RAM">   --->   Core 37 'RAM' <Latency = 1> <II = 1> <Delay = 0.54> <Storage> <Opcode : 'load' 'store'> <Ports = 2> <Width = 16> <Depth = 8> <RAM>
ST_2 : Operation 65 [1/1] (0.00ns)   --->   "%input_2_addr_16 = getelementptr [8 x i16]* %input_2, i64 0, i64 2" [dct.c:35]   --->   Operation 65 'getelementptr' 'input_2_addr_16' <Predicate = true> <Delay = 0.00>
ST_2 : Operation 66 [2/2] (0.54ns)   --->   "%input_2_load_16 = load i16* %input_2_addr_16, align 2" [dct.c:35]   --->   Operation 66 'load' 'input_2_load_16' <Predicate = true> <Delay = 0.54> <Core = "RAM">   --->   Core 37 'RAM' <Latency = 1> <II = 1> <Delay = 0.54> <Storage> <Opcode : 'load' 'store'> <Ports = 2> <Width = 16> <Depth = 8> <RAM>
ST_2 : Operation 67 [1/1] (0.00ns)   --->   "%input_3_addr_16 = getelementptr [8 x i16]* %input_3, i64 0, i64 2" [dct.c:35]   --->   Operation 67 'getelementptr' 'input_3_addr_16' <Predicate = true> <Delay = 0.00>
ST_2 : Operation 68 [2/2] (0.54ns)   --->   "%input_3_load_16 = load i16* %input_3_addr_16, align 2" [dct.c:35]   --->   Operation 68 'load' 'input_3_load_16' <Predicate = true> <Delay = 0.54> <Core = "RAM">   --->   Core 37 'RAM' <Latency = 1> <II = 1> <Delay = 0.54> <Storage> <Opcode : 'load' 'store'> <Ports = 2> <Width = 16> <Depth = 8> <RAM>
ST_2 : Operation 69 [1/1] (0.00ns)   --->   "%input_4_addr_16 = getelementptr [8 x i16]* %input_4, i64 0, i64 2" [dct.c:35]   --->   Operation 69 'getelementptr' 'input_4_addr_16' <Predicate = true> <Delay = 0.00>
ST_2 : Operation 70 [2/2] (0.54ns)   --->   "%input_4_load_16 = load i16* %input_4_addr_16, align 2" [dct.c:35]   --->   Operation 70 'load' 'input_4_load_16' <Predicate = true> <Delay = 0.54> <Core = "RAM">   --->   Core 37 'RAM' <Latency = 1> <II = 1> <Delay = 0.54> <Storage> <Opcode : 'load' 'store'> <Ports = 2> <Width = 16> <Depth = 8> <RAM>
ST_2 : Operation 71 [1/1] (0.00ns)   --->   "%input_5_addr_16 = getelementptr [8 x i16]* %input_5, i64 0, i64 2" [dct.c:35]   --->   Operation 71 'getelementptr' 'input_5_addr_16' <Predicate = true> <Delay = 0.00>
ST_2 : Operation 72 [2/2] (0.54ns)   --->   "%input_5_load_16 = load i16* %input_5_addr_16, align 2" [dct.c:35]   --->   Operation 72 'load' 'input_5_load_16' <Predicate = true> <Delay = 0.54> <Core = "RAM">   --->   Core 37 'RAM' <Latency = 1> <II = 1> <Delay = 0.54> <Storage> <Opcode : 'load' 'store'> <Ports = 2> <Width = 16> <Depth = 8> <RAM>
ST_2 : Operation 73 [1/1] (0.00ns)   --->   "%input_6_addr_16 = getelementptr [8 x i16]* %input_6, i64 0, i64 2" [dct.c:35]   --->   Operation 73 'getelementptr' 'input_6_addr_16' <Predicate = true> <Delay = 0.00>
ST_2 : Operation 74 [2/2] (0.54ns)   --->   "%input_6_load_16 = load i16* %input_6_addr_16, align 2" [dct.c:35]   --->   Operation 74 'load' 'input_6_load_16' <Predicate = true> <Delay = 0.54> <Core = "RAM">   --->   Core 37 'RAM' <Latency = 1> <II = 1> <Delay = 0.54> <Storage> <Opcode : 'load' 'store'> <Ports = 2> <Width = 16> <Depth = 8> <RAM>
ST_2 : Operation 75 [1/1] (0.00ns)   --->   "%input_7_addr_16 = getelementptr [8 x i16]* %input_7, i64 0, i64 2" [dct.c:35]   --->   Operation 75 'getelementptr' 'input_7_addr_16' <Predicate = true> <Delay = 0.00>
ST_2 : Operation 76 [2/2] (0.54ns)   --->   "%input_7_load_16 = load i16* %input_7_addr_16, align 2" [dct.c:35]   --->   Operation 76 'load' 'input_7_load_16' <Predicate = true> <Delay = 0.54> <Core = "RAM">   --->   Core 37 'RAM' <Latency = 1> <II = 1> <Delay = 0.54> <Storage> <Opcode : 'load' 'store'> <Ports = 2> <Width = 16> <Depth = 8> <RAM>
ST_2 : Operation 77 [1/1] (0.00ns)   --->   "%input_0_addr_17 = getelementptr [8 x i16]* %input_0, i64 0, i64 3" [dct.c:35]   --->   Operation 77 'getelementptr' 'input_0_addr_17' <Predicate = true> <Delay = 0.00>
ST_2 : Operation 78 [2/2] (0.54ns)   --->   "%input_0_load_17 = load i16* %input_0_addr_17, align 2" [dct.c:35]   --->   Operation 78 'load' 'input_0_load_17' <Predicate = true> <Delay = 0.54> <Core = "RAM">   --->   Core 37 'RAM' <Latency = 1> <II = 1> <Delay = 0.54> <Storage> <Opcode : 'load' 'store'> <Ports = 2> <Width = 16> <Depth = 8> <RAM>
ST_2 : Operation 79 [1/1] (0.00ns)   --->   "%input_1_addr_17 = getelementptr [8 x i16]* %input_1, i64 0, i64 3" [dct.c:35]   --->   Operation 79 'getelementptr' 'input_1_addr_17' <Predicate = true> <Delay = 0.00>
ST_2 : Operation 80 [2/2] (0.54ns)   --->   "%input_1_load_17 = load i16* %input_1_addr_17, align 2" [dct.c:35]   --->   Operation 80 'load' 'input_1_load_17' <Predicate = true> <Delay = 0.54> <Core = "RAM">   --->   Core 37 'RAM' <Latency = 1> <II = 1> <Delay = 0.54> <Storage> <Opcode : 'load' 'store'> <Ports = 2> <Width = 16> <Depth = 8> <RAM>
ST_2 : Operation 81 [1/1] (0.00ns)   --->   "%input_2_addr_17 = getelementptr [8 x i16]* %input_2, i64 0, i64 3" [dct.c:35]   --->   Operation 81 'getelementptr' 'input_2_addr_17' <Predicate = true> <Delay = 0.00>
ST_2 : Operation 82 [2/2] (0.54ns)   --->   "%input_2_load_17 = load i16* %input_2_addr_17, align 2" [dct.c:35]   --->   Operation 82 'load' 'input_2_load_17' <Predicate = true> <Delay = 0.54> <Core = "RAM">   --->   Core 37 'RAM' <Latency = 1> <II = 1> <Delay = 0.54> <Storage> <Opcode : 'load' 'store'> <Ports = 2> <Width = 16> <Depth = 8> <RAM>
ST_2 : Operation 83 [1/1] (0.00ns)   --->   "%input_3_addr_17 = getelementptr [8 x i16]* %input_3, i64 0, i64 3" [dct.c:35]   --->   Operation 83 'getelementptr' 'input_3_addr_17' <Predicate = true> <Delay = 0.00>
ST_2 : Operation 84 [2/2] (0.54ns)   --->   "%input_3_load_17 = load i16* %input_3_addr_17, align 2" [dct.c:35]   --->   Operation 84 'load' 'input_3_load_17' <Predicate = true> <Delay = 0.54> <Core = "RAM">   --->   Core 37 'RAM' <Latency = 1> <II = 1> <Delay = 0.54> <Storage> <Opcode : 'load' 'store'> <Ports = 2> <Width = 16> <Depth = 8> <RAM>
ST_2 : Operation 85 [1/1] (0.00ns)   --->   "%input_4_addr_17 = getelementptr [8 x i16]* %input_4, i64 0, i64 3" [dct.c:35]   --->   Operation 85 'getelementptr' 'input_4_addr_17' <Predicate = true> <Delay = 0.00>
ST_2 : Operation 86 [2/2] (0.54ns)   --->   "%input_4_load_17 = load i16* %input_4_addr_17, align 2" [dct.c:35]   --->   Operation 86 'load' 'input_4_load_17' <Predicate = true> <Delay = 0.54> <Core = "RAM">   --->   Core 37 'RAM' <Latency = 1> <II = 1> <Delay = 0.54> <Storage> <Opcode : 'load' 'store'> <Ports = 2> <Width = 16> <Depth = 8> <RAM>
ST_2 : Operation 87 [1/1] (0.00ns)   --->   "%input_5_addr_17 = getelementptr [8 x i16]* %input_5, i64 0, i64 3" [dct.c:35]   --->   Operation 87 'getelementptr' 'input_5_addr_17' <Predicate = true> <Delay = 0.00>
ST_2 : Operation 88 [2/2] (0.54ns)   --->   "%input_5_load_17 = load i16* %input_5_addr_17, align 2" [dct.c:35]   --->   Operation 88 'load' 'input_5_load_17' <Predicate = true> <Delay = 0.54> <Core = "RAM">   --->   Core 37 'RAM' <Latency = 1> <II = 1> <Delay = 0.54> <Storage> <Opcode : 'load' 'store'> <Ports = 2> <Width = 16> <Depth = 8> <RAM>
ST_2 : Operation 89 [1/1] (0.00ns)   --->   "%input_6_addr_17 = getelementptr [8 x i16]* %input_6, i64 0, i64 3" [dct.c:35]   --->   Operation 89 'getelementptr' 'input_6_addr_17' <Predicate = true> <Delay = 0.00>
ST_2 : Operation 90 [2/2] (0.54ns)   --->   "%input_6_load_17 = load i16* %input_6_addr_17, align 2" [dct.c:35]   --->   Operation 90 'load' 'input_6_load_17' <Predicate = true> <Delay = 0.54> <Core = "RAM">   --->   Core 37 'RAM' <Latency = 1> <II = 1> <Delay = 0.54> <Storage> <Opcode : 'load' 'store'> <Ports = 2> <Width = 16> <Depth = 8> <RAM>
ST_2 : Operation 91 [1/1] (0.00ns)   --->   "%input_7_addr_17 = getelementptr [8 x i16]* %input_7, i64 0, i64 3" [dct.c:35]   --->   Operation 91 'getelementptr' 'input_7_addr_17' <Predicate = true> <Delay = 0.00>
ST_2 : Operation 92 [2/2] (0.54ns)   --->   "%input_7_load_17 = load i16* %input_7_addr_17, align 2" [dct.c:35]   --->   Operation 92 'load' 'input_7_load_17' <Predicate = true> <Delay = 0.54> <Core = "RAM">   --->   Core 37 'RAM' <Latency = 1> <II = 1> <Delay = 0.54> <Storage> <Opcode : 'load' 'store'> <Ports = 2> <Width = 16> <Depth = 8> <RAM>

State 3 <SV = 2> <Delay = 1.08>
ST_3 : Operation 93 [1/1] (0.54ns)   --->   "store i16 %input_2_load, i16* getelementptr inbounds ([8 x i16]* @DCT_1D_in_buf_col_0, i64 0, i64 2), align 2" [dct.c:35]   --->   Operation 93 'store' <Predicate = true> <Delay = 0.54> <Core = "RAM">   --->   Core 37 'RAM' <Latency = 1> <II = 1> <Delay = 0.54> <Storage> <Opcode : 'load' 'store'> <Ports = 2> <Width = 16> <Depth = 8> <RAM>
ST_3 : Operation 94 [1/1] (0.54ns)   --->   "store i16 %input_3_load, i16* getelementptr inbounds ([8 x i16]* @DCT_1D_in_buf_col_0, i64 0, i64 3), align 2" [dct.c:35]   --->   Operation 94 'store' <Predicate = true> <Delay = 0.54> <Core = "RAM">   --->   Core 37 'RAM' <Latency = 1> <II = 1> <Delay = 0.54> <Storage> <Opcode : 'load' 'store'> <Ports = 2> <Width = 16> <Depth = 8> <RAM>
ST_3 : Operation 95 [1/1] (0.54ns)   --->   "store i16 %input_2_load_15, i16* getelementptr inbounds ([8 x i16]* @DCT_1D_in_buf_col_1, i64 0, i64 2), align 2" [dct.c:35]   --->   Operation 95 'store' <Predicate = true> <Delay = 0.54> <Core = "RAM">   --->   Core 37 'RAM' <Latency = 1> <II = 1> <Delay = 0.54> <Storage> <Opcode : 'load' 'store'> <Ports = 2> <Width = 16> <Depth = 8> <RAM>
ST_3 : Operation 96 [1/1] (0.54ns)   --->   "store i16 %input_3_load_15, i16* getelementptr inbounds ([8 x i16]* @DCT_1D_in_buf_col_1, i64 0, i64 3), align 2" [dct.c:35]   --->   Operation 96 'store' <Predicate = true> <Delay = 0.54> <Core = "RAM">   --->   Core 37 'RAM' <Latency = 1> <II = 1> <Delay = 0.54> <Storage> <Opcode : 'load' 'store'> <Ports = 2> <Width = 16> <Depth = 8> <RAM>
ST_3 : Operation 97 [1/2] (0.54ns)   --->   "%input_0_load_16 = load i16* %input_0_addr_16, align 2" [dct.c:35]   --->   Operation 97 'load' 'input_0_load_16' <Predicate = true> <Delay = 0.54> <Core = "RAM">   --->   Core 37 'RAM' <Latency = 1> <II = 1> <Delay = 0.54> <Storage> <Opcode : 'load' 'store'> <Ports = 2> <Width = 16> <Depth = 8> <RAM>
ST_3 : Operation 98 [1/1] (0.54ns)   --->   "store i16 %input_0_load_16, i16* getelementptr inbounds ([8 x i16]* @DCT_1D_in_buf_col_2, i64 0, i64 0), align 2" [dct.c:35]   --->   Operation 98 'store' <Predicate = true> <Delay = 0.54> <Core = "RAM">   --->   Core 37 'RAM' <Latency = 1> <II = 1> <Delay = 0.54> <Storage> <Opcode : 'load' 'store'> <Ports = 2> <Width = 16> <Depth = 8> <RAM>
ST_3 : Operation 99 [1/2] (0.54ns)   --->   "%input_1_load_16 = load i16* %input_1_addr_16, align 2" [dct.c:35]   --->   Operation 99 'load' 'input_1_load_16' <Predicate = true> <Delay = 0.54> <Core = "RAM">   --->   Core 37 'RAM' <Latency = 1> <II = 1> <Delay = 0.54> <Storage> <Opcode : 'load' 'store'> <Ports = 2> <Width = 16> <Depth = 8> <RAM>
ST_3 : Operation 100 [1/1] (0.54ns)   --->   "store i16 %input_1_load_16, i16* getelementptr inbounds ([8 x i16]* @DCT_1D_in_buf_col_2, i64 0, i64 1), align 2" [dct.c:35]   --->   Operation 100 'store' <Predicate = true> <Delay = 0.54> <Core = "RAM">   --->   Core 37 'RAM' <Latency = 1> <II = 1> <Delay = 0.54> <Storage> <Opcode : 'load' 'store'> <Ports = 2> <Width = 16> <Depth = 8> <RAM>
ST_3 : Operation 101 [1/2] (0.54ns)   --->   "%input_2_load_16 = load i16* %input_2_addr_16, align 2" [dct.c:35]   --->   Operation 101 'load' 'input_2_load_16' <Predicate = true> <Delay = 0.54> <Core = "RAM">   --->   Core 37 'RAM' <Latency = 1> <II = 1> <Delay = 0.54> <Storage> <Opcode : 'load' 'store'> <Ports = 2> <Width = 16> <Depth = 8> <RAM>
ST_3 : Operation 102 [1/2] (0.54ns)   --->   "%input_3_load_16 = load i16* %input_3_addr_16, align 2" [dct.c:35]   --->   Operation 102 'load' 'input_3_load_16' <Predicate = true> <Delay = 0.54> <Core = "RAM">   --->   Core 37 'RAM' <Latency = 1> <II = 1> <Delay = 0.54> <Storage> <Opcode : 'load' 'store'> <Ports = 2> <Width = 16> <Depth = 8> <RAM>
ST_3 : Operation 103 [1/2] (0.54ns)   --->   "%input_4_load_16 = load i16* %input_4_addr_16, align 2" [dct.c:35]   --->   Operation 103 'load' 'input_4_load_16' <Predicate = true> <Delay = 0.54> <Core = "RAM">   --->   Core 37 'RAM' <Latency = 1> <II = 1> <Delay = 0.54> <Storage> <Opcode : 'load' 'store'> <Ports = 2> <Width = 16> <Depth = 8> <RAM>
ST_3 : Operation 104 [1/2] (0.54ns)   --->   "%input_5_load_16 = load i16* %input_5_addr_16, align 2" [dct.c:35]   --->   Operation 104 'load' 'input_5_load_16' <Predicate = true> <Delay = 0.54> <Core = "RAM">   --->   Core 37 'RAM' <Latency = 1> <II = 1> <Delay = 0.54> <Storage> <Opcode : 'load' 'store'> <Ports = 2> <Width = 16> <Depth = 8> <RAM>
ST_3 : Operation 105 [1/2] (0.54ns)   --->   "%input_6_load_16 = load i16* %input_6_addr_16, align 2" [dct.c:35]   --->   Operation 105 'load' 'input_6_load_16' <Predicate = true> <Delay = 0.54> <Core = "RAM">   --->   Core 37 'RAM' <Latency = 1> <II = 1> <Delay = 0.54> <Storage> <Opcode : 'load' 'store'> <Ports = 2> <Width = 16> <Depth = 8> <RAM>
ST_3 : Operation 106 [1/2] (0.54ns)   --->   "%input_7_load_16 = load i16* %input_7_addr_16, align 2" [dct.c:35]   --->   Operation 106 'load' 'input_7_load_16' <Predicate = true> <Delay = 0.54> <Core = "RAM">   --->   Core 37 'RAM' <Latency = 1> <II = 1> <Delay = 0.54> <Storage> <Opcode : 'load' 'store'> <Ports = 2> <Width = 16> <Depth = 8> <RAM>
ST_3 : Operation 107 [1/2] (0.54ns)   --->   "%input_0_load_17 = load i16* %input_0_addr_17, align 2" [dct.c:35]   --->   Operation 107 'load' 'input_0_load_17' <Predicate = true> <Delay = 0.54> <Core = "RAM">   --->   Core 37 'RAM' <Latency = 1> <II = 1> <Delay = 0.54> <Storage> <Opcode : 'load' 'store'> <Ports = 2> <Width = 16> <Depth = 8> <RAM>
ST_3 : Operation 108 [1/1] (0.54ns)   --->   "store i16 %input_0_load_17, i16* getelementptr inbounds ([8 x i16]* @DCT_1D_in_buf_col_3, i64 0, i64 0), align 2" [dct.c:35]   --->   Operation 108 'store' <Predicate = true> <Delay = 0.54> <Core = "RAM">   --->   Core 37 'RAM' <Latency = 1> <II = 1> <Delay = 0.54> <Storage> <Opcode : 'load' 'store'> <Ports = 2> <Width = 16> <Depth = 8> <RAM>
ST_3 : Operation 109 [1/2] (0.54ns)   --->   "%input_1_load_17 = load i16* %input_1_addr_17, align 2" [dct.c:35]   --->   Operation 109 'load' 'input_1_load_17' <Predicate = true> <Delay = 0.54> <Core = "RAM">   --->   Core 37 'RAM' <Latency = 1> <II = 1> <Delay = 0.54> <Storage> <Opcode : 'load' 'store'> <Ports = 2> <Width = 16> <Depth = 8> <RAM>
ST_3 : Operation 110 [1/1] (0.54ns)   --->   "store i16 %input_1_load_17, i16* getelementptr inbounds ([8 x i16]* @DCT_1D_in_buf_col_3, i64 0, i64 1), align 2" [dct.c:35]   --->   Operation 110 'store' <Predicate = true> <Delay = 0.54> <Core = "RAM">   --->   Core 37 'RAM' <Latency = 1> <II = 1> <Delay = 0.54> <Storage> <Opcode : 'load' 'store'> <Ports = 2> <Width = 16> <Depth = 8> <RAM>
ST_3 : Operation 111 [1/2] (0.54ns)   --->   "%input_2_load_17 = load i16* %input_2_addr_17, align 2" [dct.c:35]   --->   Operation 111 'load' 'input_2_load_17' <Predicate = true> <Delay = 0.54> <Core = "RAM">   --->   Core 37 'RAM' <Latency = 1> <II = 1> <Delay = 0.54> <Storage> <Opcode : 'load' 'store'> <Ports = 2> <Width = 16> <Depth = 8> <RAM>
ST_3 : Operation 112 [1/2] (0.54ns)   --->   "%input_3_load_17 = load i16* %input_3_addr_17, align 2" [dct.c:35]   --->   Operation 112 'load' 'input_3_load_17' <Predicate = true> <Delay = 0.54> <Core = "RAM">   --->   Core 37 'RAM' <Latency = 1> <II = 1> <Delay = 0.54> <Storage> <Opcode : 'load' 'store'> <Ports = 2> <Width = 16> <Depth = 8> <RAM>
ST_3 : Operation 113 [1/2] (0.54ns)   --->   "%input_4_load_17 = load i16* %input_4_addr_17, align 2" [dct.c:35]   --->   Operation 113 'load' 'input_4_load_17' <Predicate = true> <Delay = 0.54> <Core = "RAM">   --->   Core 37 'RAM' <Latency = 1> <II = 1> <Delay = 0.54> <Storage> <Opcode : 'load' 'store'> <Ports = 2> <Width = 16> <Depth = 8> <RAM>
ST_3 : Operation 114 [1/2] (0.54ns)   --->   "%input_5_load_17 = load i16* %input_5_addr_17, align 2" [dct.c:35]   --->   Operation 114 'load' 'input_5_load_17' <Predicate = true> <Delay = 0.54> <Core = "RAM">   --->   Core 37 'RAM' <Latency = 1> <II = 1> <Delay = 0.54> <Storage> <Opcode : 'load' 'store'> <Ports = 2> <Width = 16> <Depth = 8> <RAM>
ST_3 : Operation 115 [1/2] (0.54ns)   --->   "%input_6_load_17 = load i16* %input_6_addr_17, align 2" [dct.c:35]   --->   Operation 115 'load' 'input_6_load_17' <Predicate = true> <Delay = 0.54> <Core = "RAM">   --->   Core 37 'RAM' <Latency = 1> <II = 1> <Delay = 0.54> <Storage> <Opcode : 'load' 'store'> <Ports = 2> <Width = 16> <Depth = 8> <RAM>
ST_3 : Operation 116 [1/2] (0.54ns)   --->   "%input_7_load_17 = load i16* %input_7_addr_17, align 2" [dct.c:35]   --->   Operation 116 'load' 'input_7_load_17' <Predicate = true> <Delay = 0.54> <Core = "RAM">   --->   Core 37 'RAM' <Latency = 1> <II = 1> <Delay = 0.54> <Storage> <Opcode : 'load' 'store'> <Ports = 2> <Width = 16> <Depth = 8> <RAM>
ST_3 : Operation 117 [1/1] (0.00ns)   --->   "%input_0_addr_18 = getelementptr [8 x i16]* %input_0, i64 0, i64 4" [dct.c:35]   --->   Operation 117 'getelementptr' 'input_0_addr_18' <Predicate = true> <Delay = 0.00>
ST_3 : Operation 118 [2/2] (0.54ns)   --->   "%input_0_load_18 = load i16* %input_0_addr_18, align 2" [dct.c:35]   --->   Operation 118 'load' 'input_0_load_18' <Predicate = true> <Delay = 0.54> <Core = "RAM">   --->   Core 37 'RAM' <Latency = 1> <II = 1> <Delay = 0.54> <Storage> <Opcode : 'load' 'store'> <Ports = 2> <Width = 16> <Depth = 8> <RAM>
ST_3 : Operation 119 [1/1] (0.00ns)   --->   "%input_1_addr_18 = getelementptr [8 x i16]* %input_1, i64 0, i64 4" [dct.c:35]   --->   Operation 119 'getelementptr' 'input_1_addr_18' <Predicate = true> <Delay = 0.00>
ST_3 : Operation 120 [2/2] (0.54ns)   --->   "%input_1_load_18 = load i16* %input_1_addr_18, align 2" [dct.c:35]   --->   Operation 120 'load' 'input_1_load_18' <Predicate = true> <Delay = 0.54> <Core = "RAM">   --->   Core 37 'RAM' <Latency = 1> <II = 1> <Delay = 0.54> <Storage> <Opcode : 'load' 'store'> <Ports = 2> <Width = 16> <Depth = 8> <RAM>
ST_3 : Operation 121 [1/1] (0.00ns)   --->   "%input_2_addr_18 = getelementptr [8 x i16]* %input_2, i64 0, i64 4" [dct.c:35]   --->   Operation 121 'getelementptr' 'input_2_addr_18' <Predicate = true> <Delay = 0.00>
ST_3 : Operation 122 [2/2] (0.54ns)   --->   "%input_2_load_18 = load i16* %input_2_addr_18, align 2" [dct.c:35]   --->   Operation 122 'load' 'input_2_load_18' <Predicate = true> <Delay = 0.54> <Core = "RAM">   --->   Core 37 'RAM' <Latency = 1> <II = 1> <Delay = 0.54> <Storage> <Opcode : 'load' 'store'> <Ports = 2> <Width = 16> <Depth = 8> <RAM>
ST_3 : Operation 123 [1/1] (0.00ns)   --->   "%input_3_addr_18 = getelementptr [8 x i16]* %input_3, i64 0, i64 4" [dct.c:35]   --->   Operation 123 'getelementptr' 'input_3_addr_18' <Predicate = true> <Delay = 0.00>
ST_3 : Operation 124 [2/2] (0.54ns)   --->   "%input_3_load_18 = load i16* %input_3_addr_18, align 2" [dct.c:35]   --->   Operation 124 'load' 'input_3_load_18' <Predicate = true> <Delay = 0.54> <Core = "RAM">   --->   Core 37 'RAM' <Latency = 1> <II = 1> <Delay = 0.54> <Storage> <Opcode : 'load' 'store'> <Ports = 2> <Width = 16> <Depth = 8> <RAM>
ST_3 : Operation 125 [1/1] (0.00ns)   --->   "%input_4_addr_18 = getelementptr [8 x i16]* %input_4, i64 0, i64 4" [dct.c:35]   --->   Operation 125 'getelementptr' 'input_4_addr_18' <Predicate = true> <Delay = 0.00>
ST_3 : Operation 126 [2/2] (0.54ns)   --->   "%input_4_load_18 = load i16* %input_4_addr_18, align 2" [dct.c:35]   --->   Operation 126 'load' 'input_4_load_18' <Predicate = true> <Delay = 0.54> <Core = "RAM">   --->   Core 37 'RAM' <Latency = 1> <II = 1> <Delay = 0.54> <Storage> <Opcode : 'load' 'store'> <Ports = 2> <Width = 16> <Depth = 8> <RAM>
ST_3 : Operation 127 [1/1] (0.00ns)   --->   "%input_5_addr_18 = getelementptr [8 x i16]* %input_5, i64 0, i64 4" [dct.c:35]   --->   Operation 127 'getelementptr' 'input_5_addr_18' <Predicate = true> <Delay = 0.00>
ST_3 : Operation 128 [2/2] (0.54ns)   --->   "%input_5_load_18 = load i16* %input_5_addr_18, align 2" [dct.c:35]   --->   Operation 128 'load' 'input_5_load_18' <Predicate = true> <Delay = 0.54> <Core = "RAM">   --->   Core 37 'RAM' <Latency = 1> <II = 1> <Delay = 0.54> <Storage> <Opcode : 'load' 'store'> <Ports = 2> <Width = 16> <Depth = 8> <RAM>
ST_3 : Operation 129 [1/1] (0.00ns)   --->   "%input_6_addr_18 = getelementptr [8 x i16]* %input_6, i64 0, i64 4" [dct.c:35]   --->   Operation 129 'getelementptr' 'input_6_addr_18' <Predicate = true> <Delay = 0.00>
ST_3 : Operation 130 [2/2] (0.54ns)   --->   "%input_6_load_18 = load i16* %input_6_addr_18, align 2" [dct.c:35]   --->   Operation 130 'load' 'input_6_load_18' <Predicate = true> <Delay = 0.54> <Core = "RAM">   --->   Core 37 'RAM' <Latency = 1> <II = 1> <Delay = 0.54> <Storage> <Opcode : 'load' 'store'> <Ports = 2> <Width = 16> <Depth = 8> <RAM>
ST_3 : Operation 131 [1/1] (0.00ns)   --->   "%input_7_addr_18 = getelementptr [8 x i16]* %input_7, i64 0, i64 4" [dct.c:35]   --->   Operation 131 'getelementptr' 'input_7_addr_18' <Predicate = true> <Delay = 0.00>
ST_3 : Operation 132 [2/2] (0.54ns)   --->   "%input_7_load_18 = load i16* %input_7_addr_18, align 2" [dct.c:35]   --->   Operation 132 'load' 'input_7_load_18' <Predicate = true> <Delay = 0.54> <Core = "RAM">   --->   Core 37 'RAM' <Latency = 1> <II = 1> <Delay = 0.54> <Storage> <Opcode : 'load' 'store'> <Ports = 2> <Width = 16> <Depth = 8> <RAM>
ST_3 : Operation 133 [1/1] (0.00ns)   --->   "%input_0_addr_19 = getelementptr [8 x i16]* %input_0, i64 0, i64 5" [dct.c:35]   --->   Operation 133 'getelementptr' 'input_0_addr_19' <Predicate = true> <Delay = 0.00>
ST_3 : Operation 134 [2/2] (0.54ns)   --->   "%input_0_load_19 = load i16* %input_0_addr_19, align 2" [dct.c:35]   --->   Operation 134 'load' 'input_0_load_19' <Predicate = true> <Delay = 0.54> <Core = "RAM">   --->   Core 37 'RAM' <Latency = 1> <II = 1> <Delay = 0.54> <Storage> <Opcode : 'load' 'store'> <Ports = 2> <Width = 16> <Depth = 8> <RAM>
ST_3 : Operation 135 [1/1] (0.00ns)   --->   "%input_1_addr_19 = getelementptr [8 x i16]* %input_1, i64 0, i64 5" [dct.c:35]   --->   Operation 135 'getelementptr' 'input_1_addr_19' <Predicate = true> <Delay = 0.00>
ST_3 : Operation 136 [2/2] (0.54ns)   --->   "%input_1_load_19 = load i16* %input_1_addr_19, align 2" [dct.c:35]   --->   Operation 136 'load' 'input_1_load_19' <Predicate = true> <Delay = 0.54> <Core = "RAM">   --->   Core 37 'RAM' <Latency = 1> <II = 1> <Delay = 0.54> <Storage> <Opcode : 'load' 'store'> <Ports = 2> <Width = 16> <Depth = 8> <RAM>
ST_3 : Operation 137 [1/1] (0.00ns)   --->   "%input_2_addr_19 = getelementptr [8 x i16]* %input_2, i64 0, i64 5" [dct.c:35]   --->   Operation 137 'getelementptr' 'input_2_addr_19' <Predicate = true> <Delay = 0.00>
ST_3 : Operation 138 [2/2] (0.54ns)   --->   "%input_2_load_19 = load i16* %input_2_addr_19, align 2" [dct.c:35]   --->   Operation 138 'load' 'input_2_load_19' <Predicate = true> <Delay = 0.54> <Core = "RAM">   --->   Core 37 'RAM' <Latency = 1> <II = 1> <Delay = 0.54> <Storage> <Opcode : 'load' 'store'> <Ports = 2> <Width = 16> <Depth = 8> <RAM>
ST_3 : Operation 139 [1/1] (0.00ns)   --->   "%input_3_addr_19 = getelementptr [8 x i16]* %input_3, i64 0, i64 5" [dct.c:35]   --->   Operation 139 'getelementptr' 'input_3_addr_19' <Predicate = true> <Delay = 0.00>
ST_3 : Operation 140 [2/2] (0.54ns)   --->   "%input_3_load_19 = load i16* %input_3_addr_19, align 2" [dct.c:35]   --->   Operation 140 'load' 'input_3_load_19' <Predicate = true> <Delay = 0.54> <Core = "RAM">   --->   Core 37 'RAM' <Latency = 1> <II = 1> <Delay = 0.54> <Storage> <Opcode : 'load' 'store'> <Ports = 2> <Width = 16> <Depth = 8> <RAM>
ST_3 : Operation 141 [1/1] (0.00ns)   --->   "%input_4_addr_19 = getelementptr [8 x i16]* %input_4, i64 0, i64 5" [dct.c:35]   --->   Operation 141 'getelementptr' 'input_4_addr_19' <Predicate = true> <Delay = 0.00>
ST_3 : Operation 142 [2/2] (0.54ns)   --->   "%input_4_load_19 = load i16* %input_4_addr_19, align 2" [dct.c:35]   --->   Operation 142 'load' 'input_4_load_19' <Predicate = true> <Delay = 0.54> <Core = "RAM">   --->   Core 37 'RAM' <Latency = 1> <II = 1> <Delay = 0.54> <Storage> <Opcode : 'load' 'store'> <Ports = 2> <Width = 16> <Depth = 8> <RAM>
ST_3 : Operation 143 [1/1] (0.00ns)   --->   "%input_5_addr_19 = getelementptr [8 x i16]* %input_5, i64 0, i64 5" [dct.c:35]   --->   Operation 143 'getelementptr' 'input_5_addr_19' <Predicate = true> <Delay = 0.00>
ST_3 : Operation 144 [2/2] (0.54ns)   --->   "%input_5_load_19 = load i16* %input_5_addr_19, align 2" [dct.c:35]   --->   Operation 144 'load' 'input_5_load_19' <Predicate = true> <Delay = 0.54> <Core = "RAM">   --->   Core 37 'RAM' <Latency = 1> <II = 1> <Delay = 0.54> <Storage> <Opcode : 'load' 'store'> <Ports = 2> <Width = 16> <Depth = 8> <RAM>
ST_3 : Operation 145 [1/1] (0.00ns)   --->   "%input_6_addr_19 = getelementptr [8 x i16]* %input_6, i64 0, i64 5" [dct.c:35]   --->   Operation 145 'getelementptr' 'input_6_addr_19' <Predicate = true> <Delay = 0.00>
ST_3 : Operation 146 [2/2] (0.54ns)   --->   "%input_6_load_19 = load i16* %input_6_addr_19, align 2" [dct.c:35]   --->   Operation 146 'load' 'input_6_load_19' <Predicate = true> <Delay = 0.54> <Core = "RAM">   --->   Core 37 'RAM' <Latency = 1> <II = 1> <Delay = 0.54> <Storage> <Opcode : 'load' 'store'> <Ports = 2> <Width = 16> <Depth = 8> <RAM>
ST_3 : Operation 147 [1/1] (0.00ns)   --->   "%input_7_addr_19 = getelementptr [8 x i16]* %input_7, i64 0, i64 5" [dct.c:35]   --->   Operation 147 'getelementptr' 'input_7_addr_19' <Predicate = true> <Delay = 0.00>
ST_3 : Operation 148 [2/2] (0.54ns)   --->   "%input_7_load_19 = load i16* %input_7_addr_19, align 2" [dct.c:35]   --->   Operation 148 'load' 'input_7_load_19' <Predicate = true> <Delay = 0.54> <Core = "RAM">   --->   Core 37 'RAM' <Latency = 1> <II = 1> <Delay = 0.54> <Storage> <Opcode : 'load' 'store'> <Ports = 2> <Width = 16> <Depth = 8> <RAM>

State 4 <SV = 3> <Delay = 1.08>
ST_4 : Operation 149 [1/1] (0.54ns)   --->   "store i16 %input_4_load, i16* getelementptr inbounds ([8 x i16]* @DCT_1D_in_buf_col_0, i64 0, i64 4), align 2" [dct.c:35]   --->   Operation 149 'store' <Predicate = true> <Delay = 0.54> <Core = "RAM">   --->   Core 37 'RAM' <Latency = 1> <II = 1> <Delay = 0.54> <Storage> <Opcode : 'load' 'store'> <Ports = 2> <Width = 16> <Depth = 8> <RAM>
ST_4 : Operation 150 [1/1] (0.54ns)   --->   "store i16 %input_5_load, i16* getelementptr inbounds ([8 x i16]* @DCT_1D_in_buf_col_0, i64 0, i64 5), align 2" [dct.c:35]   --->   Operation 150 'store' <Predicate = true> <Delay = 0.54> <Core = "RAM">   --->   Core 37 'RAM' <Latency = 1> <II = 1> <Delay = 0.54> <Storage> <Opcode : 'load' 'store'> <Ports = 2> <Width = 16> <Depth = 8> <RAM>
ST_4 : Operation 151 [1/1] (0.54ns)   --->   "store i16 %input_4_load_15, i16* getelementptr inbounds ([8 x i16]* @DCT_1D_in_buf_col_1, i64 0, i64 4), align 2" [dct.c:35]   --->   Operation 151 'store' <Predicate = true> <Delay = 0.54> <Core = "RAM">   --->   Core 37 'RAM' <Latency = 1> <II = 1> <Delay = 0.54> <Storage> <Opcode : 'load' 'store'> <Ports = 2> <Width = 16> <Depth = 8> <RAM>
ST_4 : Operation 152 [1/1] (0.54ns)   --->   "store i16 %input_5_load_15, i16* getelementptr inbounds ([8 x i16]* @DCT_1D_in_buf_col_1, i64 0, i64 5), align 2" [dct.c:35]   --->   Operation 152 'store' <Predicate = true> <Delay = 0.54> <Core = "RAM">   --->   Core 37 'RAM' <Latency = 1> <II = 1> <Delay = 0.54> <Storage> <Opcode : 'load' 'store'> <Ports = 2> <Width = 16> <Depth = 8> <RAM>
ST_4 : Operation 153 [1/1] (0.54ns)   --->   "store i16 %input_2_load_16, i16* getelementptr inbounds ([8 x i16]* @DCT_1D_in_buf_col_2, i64 0, i64 2), align 2" [dct.c:35]   --->   Operation 153 'store' <Predicate = true> <Delay = 0.54> <Core = "RAM">   --->   Core 37 'RAM' <Latency = 1> <II = 1> <Delay = 0.54> <Storage> <Opcode : 'load' 'store'> <Ports = 2> <Width = 16> <Depth = 8> <RAM>
ST_4 : Operation 154 [1/1] (0.54ns)   --->   "store i16 %input_3_load_16, i16* getelementptr inbounds ([8 x i16]* @DCT_1D_in_buf_col_2, i64 0, i64 3), align 2" [dct.c:35]   --->   Operation 154 'store' <Predicate = true> <Delay = 0.54> <Core = "RAM">   --->   Core 37 'RAM' <Latency = 1> <II = 1> <Delay = 0.54> <Storage> <Opcode : 'load' 'store'> <Ports = 2> <Width = 16> <Depth = 8> <RAM>
ST_4 : Operation 155 [1/1] (0.54ns)   --->   "store i16 %input_2_load_17, i16* getelementptr inbounds ([8 x i16]* @DCT_1D_in_buf_col_3, i64 0, i64 2), align 2" [dct.c:35]   --->   Operation 155 'store' <Predicate = true> <Delay = 0.54> <Core = "RAM">   --->   Core 37 'RAM' <Latency = 1> <II = 1> <Delay = 0.54> <Storage> <Opcode : 'load' 'store'> <Ports = 2> <Width = 16> <Depth = 8> <RAM>
ST_4 : Operation 156 [1/1] (0.54ns)   --->   "store i16 %input_3_load_17, i16* getelementptr inbounds ([8 x i16]* @DCT_1D_in_buf_col_3, i64 0, i64 3), align 2" [dct.c:35]   --->   Operation 156 'store' <Predicate = true> <Delay = 0.54> <Core = "RAM">   --->   Core 37 'RAM' <Latency = 1> <II = 1> <Delay = 0.54> <Storage> <Opcode : 'load' 'store'> <Ports = 2> <Width = 16> <Depth = 8> <RAM>
ST_4 : Operation 157 [1/2] (0.54ns)   --->   "%input_0_load_18 = load i16* %input_0_addr_18, align 2" [dct.c:35]   --->   Operation 157 'load' 'input_0_load_18' <Predicate = true> <Delay = 0.54> <Core = "RAM">   --->   Core 37 'RAM' <Latency = 1> <II = 1> <Delay = 0.54> <Storage> <Opcode : 'load' 'store'> <Ports = 2> <Width = 16> <Depth = 8> <RAM>
ST_4 : Operation 158 [1/1] (0.54ns)   --->   "store i16 %input_0_load_18, i16* getelementptr inbounds ([8 x i16]* @DCT_1D_in_buf_col_4, i64 0, i64 0), align 2" [dct.c:35]   --->   Operation 158 'store' <Predicate = true> <Delay = 0.54> <Core = "RAM">   --->   Core 37 'RAM' <Latency = 1> <II = 1> <Delay = 0.54> <Storage> <Opcode : 'load' 'store'> <Ports = 2> <Width = 16> <Depth = 8> <RAM>
ST_4 : Operation 159 [1/2] (0.54ns)   --->   "%input_1_load_18 = load i16* %input_1_addr_18, align 2" [dct.c:35]   --->   Operation 159 'load' 'input_1_load_18' <Predicate = true> <Delay = 0.54> <Core = "RAM">   --->   Core 37 'RAM' <Latency = 1> <II = 1> <Delay = 0.54> <Storage> <Opcode : 'load' 'store'> <Ports = 2> <Width = 16> <Depth = 8> <RAM>
ST_4 : Operation 160 [1/1] (0.54ns)   --->   "store i16 %input_1_load_18, i16* getelementptr inbounds ([8 x i16]* @DCT_1D_in_buf_col_4, i64 0, i64 1), align 2" [dct.c:35]   --->   Operation 160 'store' <Predicate = true> <Delay = 0.54> <Core = "RAM">   --->   Core 37 'RAM' <Latency = 1> <II = 1> <Delay = 0.54> <Storage> <Opcode : 'load' 'store'> <Ports = 2> <Width = 16> <Depth = 8> <RAM>
ST_4 : Operation 161 [1/2] (0.54ns)   --->   "%input_2_load_18 = load i16* %input_2_addr_18, align 2" [dct.c:35]   --->   Operation 161 'load' 'input_2_load_18' <Predicate = true> <Delay = 0.54> <Core = "RAM">   --->   Core 37 'RAM' <Latency = 1> <II = 1> <Delay = 0.54> <Storage> <Opcode : 'load' 'store'> <Ports = 2> <Width = 16> <Depth = 8> <RAM>
ST_4 : Operation 162 [1/2] (0.54ns)   --->   "%input_3_load_18 = load i16* %input_3_addr_18, align 2" [dct.c:35]   --->   Operation 162 'load' 'input_3_load_18' <Predicate = true> <Delay = 0.54> <Core = "RAM">   --->   Core 37 'RAM' <Latency = 1> <II = 1> <Delay = 0.54> <Storage> <Opcode : 'load' 'store'> <Ports = 2> <Width = 16> <Depth = 8> <RAM>
ST_4 : Operation 163 [1/2] (0.54ns)   --->   "%input_4_load_18 = load i16* %input_4_addr_18, align 2" [dct.c:35]   --->   Operation 163 'load' 'input_4_load_18' <Predicate = true> <Delay = 0.54> <Core = "RAM">   --->   Core 37 'RAM' <Latency = 1> <II = 1> <Delay = 0.54> <Storage> <Opcode : 'load' 'store'> <Ports = 2> <Width = 16> <Depth = 8> <RAM>
ST_4 : Operation 164 [1/2] (0.54ns)   --->   "%input_5_load_18 = load i16* %input_5_addr_18, align 2" [dct.c:35]   --->   Operation 164 'load' 'input_5_load_18' <Predicate = true> <Delay = 0.54> <Core = "RAM">   --->   Core 37 'RAM' <Latency = 1> <II = 1> <Delay = 0.54> <Storage> <Opcode : 'load' 'store'> <Ports = 2> <Width = 16> <Depth = 8> <RAM>
ST_4 : Operation 165 [1/2] (0.54ns)   --->   "%input_6_load_18 = load i16* %input_6_addr_18, align 2" [dct.c:35]   --->   Operation 165 'load' 'input_6_load_18' <Predicate = true> <Delay = 0.54> <Core = "RAM">   --->   Core 37 'RAM' <Latency = 1> <II = 1> <Delay = 0.54> <Storage> <Opcode : 'load' 'store'> <Ports = 2> <Width = 16> <Depth = 8> <RAM>
ST_4 : Operation 166 [1/2] (0.54ns)   --->   "%input_7_load_18 = load i16* %input_7_addr_18, align 2" [dct.c:35]   --->   Operation 166 'load' 'input_7_load_18' <Predicate = true> <Delay = 0.54> <Core = "RAM">   --->   Core 37 'RAM' <Latency = 1> <II = 1> <Delay = 0.54> <Storage> <Opcode : 'load' 'store'> <Ports = 2> <Width = 16> <Depth = 8> <RAM>
ST_4 : Operation 167 [1/2] (0.54ns)   --->   "%input_0_load_19 = load i16* %input_0_addr_19, align 2" [dct.c:35]   --->   Operation 167 'load' 'input_0_load_19' <Predicate = true> <Delay = 0.54> <Core = "RAM">   --->   Core 37 'RAM' <Latency = 1> <II = 1> <Delay = 0.54> <Storage> <Opcode : 'load' 'store'> <Ports = 2> <Width = 16> <Depth = 8> <RAM>
ST_4 : Operation 168 [1/1] (0.54ns)   --->   "store i16 %input_0_load_19, i16* getelementptr inbounds ([8 x i16]* @DCT_1D_in_buf_col_5, i64 0, i64 0), align 2" [dct.c:35]   --->   Operation 168 'store' <Predicate = true> <Delay = 0.54> <Core = "RAM">   --->   Core 37 'RAM' <Latency = 1> <II = 1> <Delay = 0.54> <Storage> <Opcode : 'load' 'store'> <Ports = 2> <Width = 16> <Depth = 8> <RAM>
ST_4 : Operation 169 [1/2] (0.54ns)   --->   "%input_1_load_19 = load i16* %input_1_addr_19, align 2" [dct.c:35]   --->   Operation 169 'load' 'input_1_load_19' <Predicate = true> <Delay = 0.54> <Core = "RAM">   --->   Core 37 'RAM' <Latency = 1> <II = 1> <Delay = 0.54> <Storage> <Opcode : 'load' 'store'> <Ports = 2> <Width = 16> <Depth = 8> <RAM>
ST_4 : Operation 170 [1/1] (0.54ns)   --->   "store i16 %input_1_load_19, i16* getelementptr inbounds ([8 x i16]* @DCT_1D_in_buf_col_5, i64 0, i64 1), align 2" [dct.c:35]   --->   Operation 170 'store' <Predicate = true> <Delay = 0.54> <Core = "RAM">   --->   Core 37 'RAM' <Latency = 1> <II = 1> <Delay = 0.54> <Storage> <Opcode : 'load' 'store'> <Ports = 2> <Width = 16> <Depth = 8> <RAM>
ST_4 : Operation 171 [1/2] (0.54ns)   --->   "%input_2_load_19 = load i16* %input_2_addr_19, align 2" [dct.c:35]   --->   Operation 171 'load' 'input_2_load_19' <Predicate = true> <Delay = 0.54> <Core = "RAM">   --->   Core 37 'RAM' <Latency = 1> <II = 1> <Delay = 0.54> <Storage> <Opcode : 'load' 'store'> <Ports = 2> <Width = 16> <Depth = 8> <RAM>
ST_4 : Operation 172 [1/2] (0.54ns)   --->   "%input_3_load_19 = load i16* %input_3_addr_19, align 2" [dct.c:35]   --->   Operation 172 'load' 'input_3_load_19' <Predicate = true> <Delay = 0.54> <Core = "RAM">   --->   Core 37 'RAM' <Latency = 1> <II = 1> <Delay = 0.54> <Storage> <Opcode : 'load' 'store'> <Ports = 2> <Width = 16> <Depth = 8> <RAM>
ST_4 : Operation 173 [1/2] (0.54ns)   --->   "%input_4_load_19 = load i16* %input_4_addr_19, align 2" [dct.c:35]   --->   Operation 173 'load' 'input_4_load_19' <Predicate = true> <Delay = 0.54> <Core = "RAM">   --->   Core 37 'RAM' <Latency = 1> <II = 1> <Delay = 0.54> <Storage> <Opcode : 'load' 'store'> <Ports = 2> <Width = 16> <Depth = 8> <RAM>
ST_4 : Operation 174 [1/2] (0.54ns)   --->   "%input_5_load_19 = load i16* %input_5_addr_19, align 2" [dct.c:35]   --->   Operation 174 'load' 'input_5_load_19' <Predicate = true> <Delay = 0.54> <Core = "RAM">   --->   Core 37 'RAM' <Latency = 1> <II = 1> <Delay = 0.54> <Storage> <Opcode : 'load' 'store'> <Ports = 2> <Width = 16> <Depth = 8> <RAM>
ST_4 : Operation 175 [1/2] (0.54ns)   --->   "%input_6_load_19 = load i16* %input_6_addr_19, align 2" [dct.c:35]   --->   Operation 175 'load' 'input_6_load_19' <Predicate = true> <Delay = 0.54> <Core = "RAM">   --->   Core 37 'RAM' <Latency = 1> <II = 1> <Delay = 0.54> <Storage> <Opcode : 'load' 'store'> <Ports = 2> <Width = 16> <Depth = 8> <RAM>
ST_4 : Operation 176 [1/2] (0.54ns)   --->   "%input_7_load_19 = load i16* %input_7_addr_19, align 2" [dct.c:35]   --->   Operation 176 'load' 'input_7_load_19' <Predicate = true> <Delay = 0.54> <Core = "RAM">   --->   Core 37 'RAM' <Latency = 1> <II = 1> <Delay = 0.54> <Storage> <Opcode : 'load' 'store'> <Ports = 2> <Width = 16> <Depth = 8> <RAM>
ST_4 : Operation 177 [1/1] (0.00ns)   --->   "%input_0_addr_20 = getelementptr [8 x i16]* %input_0, i64 0, i64 6" [dct.c:35]   --->   Operation 177 'getelementptr' 'input_0_addr_20' <Predicate = true> <Delay = 0.00>
ST_4 : Operation 178 [2/2] (0.54ns)   --->   "%input_0_load_20 = load i16* %input_0_addr_20, align 2" [dct.c:35]   --->   Operation 178 'load' 'input_0_load_20' <Predicate = true> <Delay = 0.54> <Core = "RAM">   --->   Core 37 'RAM' <Latency = 1> <II = 1> <Delay = 0.54> <Storage> <Opcode : 'load' 'store'> <Ports = 2> <Width = 16> <Depth = 8> <RAM>
ST_4 : Operation 179 [1/1] (0.00ns)   --->   "%input_1_addr_20 = getelementptr [8 x i16]* %input_1, i64 0, i64 6" [dct.c:35]   --->   Operation 179 'getelementptr' 'input_1_addr_20' <Predicate = true> <Delay = 0.00>
ST_4 : Operation 180 [2/2] (0.54ns)   --->   "%input_1_load_20 = load i16* %input_1_addr_20, align 2" [dct.c:35]   --->   Operation 180 'load' 'input_1_load_20' <Predicate = true> <Delay = 0.54> <Core = "RAM">   --->   Core 37 'RAM' <Latency = 1> <II = 1> <Delay = 0.54> <Storage> <Opcode : 'load' 'store'> <Ports = 2> <Width = 16> <Depth = 8> <RAM>
ST_4 : Operation 181 [1/1] (0.00ns)   --->   "%input_2_addr_20 = getelementptr [8 x i16]* %input_2, i64 0, i64 6" [dct.c:35]   --->   Operation 181 'getelementptr' 'input_2_addr_20' <Predicate = true> <Delay = 0.00>
ST_4 : Operation 182 [2/2] (0.54ns)   --->   "%input_2_load_20 = load i16* %input_2_addr_20, align 2" [dct.c:35]   --->   Operation 182 'load' 'input_2_load_20' <Predicate = true> <Delay = 0.54> <Core = "RAM">   --->   Core 37 'RAM' <Latency = 1> <II = 1> <Delay = 0.54> <Storage> <Opcode : 'load' 'store'> <Ports = 2> <Width = 16> <Depth = 8> <RAM>
ST_4 : Operation 183 [1/1] (0.00ns)   --->   "%input_3_addr_20 = getelementptr [8 x i16]* %input_3, i64 0, i64 6" [dct.c:35]   --->   Operation 183 'getelementptr' 'input_3_addr_20' <Predicate = true> <Delay = 0.00>
ST_4 : Operation 184 [2/2] (0.54ns)   --->   "%input_3_load_20 = load i16* %input_3_addr_20, align 2" [dct.c:35]   --->   Operation 184 'load' 'input_3_load_20' <Predicate = true> <Delay = 0.54> <Core = "RAM">   --->   Core 37 'RAM' <Latency = 1> <II = 1> <Delay = 0.54> <Storage> <Opcode : 'load' 'store'> <Ports = 2> <Width = 16> <Depth = 8> <RAM>
ST_4 : Operation 185 [1/1] (0.00ns)   --->   "%input_4_addr_20 = getelementptr [8 x i16]* %input_4, i64 0, i64 6" [dct.c:35]   --->   Operation 185 'getelementptr' 'input_4_addr_20' <Predicate = true> <Delay = 0.00>
ST_4 : Operation 186 [2/2] (0.54ns)   --->   "%input_4_load_20 = load i16* %input_4_addr_20, align 2" [dct.c:35]   --->   Operation 186 'load' 'input_4_load_20' <Predicate = true> <Delay = 0.54> <Core = "RAM">   --->   Core 37 'RAM' <Latency = 1> <II = 1> <Delay = 0.54> <Storage> <Opcode : 'load' 'store'> <Ports = 2> <Width = 16> <Depth = 8> <RAM>
ST_4 : Operation 187 [1/1] (0.00ns)   --->   "%input_5_addr_20 = getelementptr [8 x i16]* %input_5, i64 0, i64 6" [dct.c:35]   --->   Operation 187 'getelementptr' 'input_5_addr_20' <Predicate = true> <Delay = 0.00>
ST_4 : Operation 188 [2/2] (0.54ns)   --->   "%input_5_load_20 = load i16* %input_5_addr_20, align 2" [dct.c:35]   --->   Operation 188 'load' 'input_5_load_20' <Predicate = true> <Delay = 0.54> <Core = "RAM">   --->   Core 37 'RAM' <Latency = 1> <II = 1> <Delay = 0.54> <Storage> <Opcode : 'load' 'store'> <Ports = 2> <Width = 16> <Depth = 8> <RAM>
ST_4 : Operation 189 [1/1] (0.00ns)   --->   "%input_6_addr_20 = getelementptr [8 x i16]* %input_6, i64 0, i64 6" [dct.c:35]   --->   Operation 189 'getelementptr' 'input_6_addr_20' <Predicate = true> <Delay = 0.00>
ST_4 : Operation 190 [2/2] (0.54ns)   --->   "%input_6_load_20 = load i16* %input_6_addr_20, align 2" [dct.c:35]   --->   Operation 190 'load' 'input_6_load_20' <Predicate = true> <Delay = 0.54> <Core = "RAM">   --->   Core 37 'RAM' <Latency = 1> <II = 1> <Delay = 0.54> <Storage> <Opcode : 'load' 'store'> <Ports = 2> <Width = 16> <Depth = 8> <RAM>
ST_4 : Operation 191 [1/1] (0.00ns)   --->   "%input_7_addr_20 = getelementptr [8 x i16]* %input_7, i64 0, i64 6" [dct.c:35]   --->   Operation 191 'getelementptr' 'input_7_addr_20' <Predicate = true> <Delay = 0.00>
ST_4 : Operation 192 [2/2] (0.54ns)   --->   "%input_7_load_20 = load i16* %input_7_addr_20, align 2" [dct.c:35]   --->   Operation 192 'load' 'input_7_load_20' <Predicate = true> <Delay = 0.54> <Core = "RAM">   --->   Core 37 'RAM' <Latency = 1> <II = 1> <Delay = 0.54> <Storage> <Opcode : 'load' 'store'> <Ports = 2> <Width = 16> <Depth = 8> <RAM>
ST_4 : Operation 193 [1/1] (0.00ns)   --->   "%input_0_addr_21 = getelementptr [8 x i16]* %input_0, i64 0, i64 7" [dct.c:35]   --->   Operation 193 'getelementptr' 'input_0_addr_21' <Predicate = true> <Delay = 0.00>
ST_4 : Operation 194 [2/2] (0.54ns)   --->   "%input_0_load_21 = load i16* %input_0_addr_21, align 2" [dct.c:35]   --->   Operation 194 'load' 'input_0_load_21' <Predicate = true> <Delay = 0.54> <Core = "RAM">   --->   Core 37 'RAM' <Latency = 1> <II = 1> <Delay = 0.54> <Storage> <Opcode : 'load' 'store'> <Ports = 2> <Width = 16> <Depth = 8> <RAM>
ST_4 : Operation 195 [1/1] (0.00ns)   --->   "%input_1_addr_21 = getelementptr [8 x i16]* %input_1, i64 0, i64 7" [dct.c:35]   --->   Operation 195 'getelementptr' 'input_1_addr_21' <Predicate = true> <Delay = 0.00>
ST_4 : Operation 196 [2/2] (0.54ns)   --->   "%input_1_load_21 = load i16* %input_1_addr_21, align 2" [dct.c:35]   --->   Operation 196 'load' 'input_1_load_21' <Predicate = true> <Delay = 0.54> <Core = "RAM">   --->   Core 37 'RAM' <Latency = 1> <II = 1> <Delay = 0.54> <Storage> <Opcode : 'load' 'store'> <Ports = 2> <Width = 16> <Depth = 8> <RAM>
ST_4 : Operation 197 [1/1] (0.00ns)   --->   "%input_2_addr_21 = getelementptr [8 x i16]* %input_2, i64 0, i64 7" [dct.c:35]   --->   Operation 197 'getelementptr' 'input_2_addr_21' <Predicate = true> <Delay = 0.00>
ST_4 : Operation 198 [2/2] (0.54ns)   --->   "%input_2_load_21 = load i16* %input_2_addr_21, align 2" [dct.c:35]   --->   Operation 198 'load' 'input_2_load_21' <Predicate = true> <Delay = 0.54> <Core = "RAM">   --->   Core 37 'RAM' <Latency = 1> <II = 1> <Delay = 0.54> <Storage> <Opcode : 'load' 'store'> <Ports = 2> <Width = 16> <Depth = 8> <RAM>
ST_4 : Operation 199 [1/1] (0.00ns)   --->   "%input_3_addr_21 = getelementptr [8 x i16]* %input_3, i64 0, i64 7" [dct.c:35]   --->   Operation 199 'getelementptr' 'input_3_addr_21' <Predicate = true> <Delay = 0.00>
ST_4 : Operation 200 [2/2] (0.54ns)   --->   "%input_3_load_21 = load i16* %input_3_addr_21, align 2" [dct.c:35]   --->   Operation 200 'load' 'input_3_load_21' <Predicate = true> <Delay = 0.54> <Core = "RAM">   --->   Core 37 'RAM' <Latency = 1> <II = 1> <Delay = 0.54> <Storage> <Opcode : 'load' 'store'> <Ports = 2> <Width = 16> <Depth = 8> <RAM>
ST_4 : Operation 201 [1/1] (0.00ns)   --->   "%input_4_addr_21 = getelementptr [8 x i16]* %input_4, i64 0, i64 7" [dct.c:35]   --->   Operation 201 'getelementptr' 'input_4_addr_21' <Predicate = true> <Delay = 0.00>
ST_4 : Operation 202 [2/2] (0.54ns)   --->   "%input_4_load_21 = load i16* %input_4_addr_21, align 2" [dct.c:35]   --->   Operation 202 'load' 'input_4_load_21' <Predicate = true> <Delay = 0.54> <Core = "RAM">   --->   Core 37 'RAM' <Latency = 1> <II = 1> <Delay = 0.54> <Storage> <Opcode : 'load' 'store'> <Ports = 2> <Width = 16> <Depth = 8> <RAM>
ST_4 : Operation 203 [1/1] (0.00ns)   --->   "%input_5_addr_21 = getelementptr [8 x i16]* %input_5, i64 0, i64 7" [dct.c:35]   --->   Operation 203 'getelementptr' 'input_5_addr_21' <Predicate = true> <Delay = 0.00>
ST_4 : Operation 204 [2/2] (0.54ns)   --->   "%input_5_load_21 = load i16* %input_5_addr_21, align 2" [dct.c:35]   --->   Operation 204 'load' 'input_5_load_21' <Predicate = true> <Delay = 0.54> <Core = "RAM">   --->   Core 37 'RAM' <Latency = 1> <II = 1> <Delay = 0.54> <Storage> <Opcode : 'load' 'store'> <Ports = 2> <Width = 16> <Depth = 8> <RAM>
ST_4 : Operation 205 [1/1] (0.00ns)   --->   "%input_6_addr_21 = getelementptr [8 x i16]* %input_6, i64 0, i64 7" [dct.c:35]   --->   Operation 205 'getelementptr' 'input_6_addr_21' <Predicate = true> <Delay = 0.00>
ST_4 : Operation 206 [2/2] (0.54ns)   --->   "%input_6_load_21 = load i16* %input_6_addr_21, align 2" [dct.c:35]   --->   Operation 206 'load' 'input_6_load_21' <Predicate = true> <Delay = 0.54> <Core = "RAM">   --->   Core 37 'RAM' <Latency = 1> <II = 1> <Delay = 0.54> <Storage> <Opcode : 'load' 'store'> <Ports = 2> <Width = 16> <Depth = 8> <RAM>
ST_4 : Operation 207 [1/1] (0.00ns)   --->   "%input_7_addr_21 = getelementptr [8 x i16]* %input_7, i64 0, i64 7" [dct.c:35]   --->   Operation 207 'getelementptr' 'input_7_addr_21' <Predicate = true> <Delay = 0.00>
ST_4 : Operation 208 [2/2] (0.54ns)   --->   "%input_7_load_21 = load i16* %input_7_addr_21, align 2" [dct.c:35]   --->   Operation 208 'load' 'input_7_load_21' <Predicate = true> <Delay = 0.54> <Core = "RAM">   --->   Core 37 'RAM' <Latency = 1> <II = 1> <Delay = 0.54> <Storage> <Opcode : 'load' 'store'> <Ports = 2> <Width = 16> <Depth = 8> <RAM>

State 5 <SV = 4> <Delay = 1.08>
ST_5 : Operation 209 [1/1] (0.54ns)   --->   "store i16 %input_6_load, i16* getelementptr inbounds ([8 x i16]* @DCT_1D_in_buf_col_0, i64 0, i64 6), align 2" [dct.c:35]   --->   Operation 209 'store' <Predicate = true> <Delay = 0.54> <Core = "RAM">   --->   Core 37 'RAM' <Latency = 1> <II = 1> <Delay = 0.54> <Storage> <Opcode : 'load' 'store'> <Ports = 2> <Width = 16> <Depth = 8> <RAM>
ST_5 : Operation 210 [1/1] (0.54ns)   --->   "store i16 %input_7_load, i16* getelementptr inbounds ([8 x i16]* @DCT_1D_in_buf_col_0, i64 0, i64 7), align 2" [dct.c:35]   --->   Operation 210 'store' <Predicate = true> <Delay = 0.54> <Core = "RAM">   --->   Core 37 'RAM' <Latency = 1> <II = 1> <Delay = 0.54> <Storage> <Opcode : 'load' 'store'> <Ports = 2> <Width = 16> <Depth = 8> <RAM>
ST_5 : Operation 211 [1/1] (0.54ns)   --->   "store i16 %input_6_load_15, i16* getelementptr inbounds ([8 x i16]* @DCT_1D_in_buf_col_1, i64 0, i64 6), align 2" [dct.c:35]   --->   Operation 211 'store' <Predicate = true> <Delay = 0.54> <Core = "RAM">   --->   Core 37 'RAM' <Latency = 1> <II = 1> <Delay = 0.54> <Storage> <Opcode : 'load' 'store'> <Ports = 2> <Width = 16> <Depth = 8> <RAM>
ST_5 : Operation 212 [1/1] (0.54ns)   --->   "store i16 %input_7_load_15, i16* getelementptr inbounds ([8 x i16]* @DCT_1D_in_buf_col_1, i64 0, i64 7), align 2" [dct.c:35]   --->   Operation 212 'store' <Predicate = true> <Delay = 0.54> <Core = "RAM">   --->   Core 37 'RAM' <Latency = 1> <II = 1> <Delay = 0.54> <Storage> <Opcode : 'load' 'store'> <Ports = 2> <Width = 16> <Depth = 8> <RAM>
ST_5 : Operation 213 [1/1] (0.54ns)   --->   "store i16 %input_4_load_16, i16* getelementptr inbounds ([8 x i16]* @DCT_1D_in_buf_col_2, i64 0, i64 4), align 2" [dct.c:35]   --->   Operation 213 'store' <Predicate = true> <Delay = 0.54> <Core = "RAM">   --->   Core 37 'RAM' <Latency = 1> <II = 1> <Delay = 0.54> <Storage> <Opcode : 'load' 'store'> <Ports = 2> <Width = 16> <Depth = 8> <RAM>
ST_5 : Operation 214 [1/1] (0.54ns)   --->   "store i16 %input_5_load_16, i16* getelementptr inbounds ([8 x i16]* @DCT_1D_in_buf_col_2, i64 0, i64 5), align 2" [dct.c:35]   --->   Operation 214 'store' <Predicate = true> <Delay = 0.54> <Core = "RAM">   --->   Core 37 'RAM' <Latency = 1> <II = 1> <Delay = 0.54> <Storage> <Opcode : 'load' 'store'> <Ports = 2> <Width = 16> <Depth = 8> <RAM>
ST_5 : Operation 215 [1/1] (0.54ns)   --->   "store i16 %input_4_load_17, i16* getelementptr inbounds ([8 x i16]* @DCT_1D_in_buf_col_3, i64 0, i64 4), align 2" [dct.c:35]   --->   Operation 215 'store' <Predicate = true> <Delay = 0.54> <Core = "RAM">   --->   Core 37 'RAM' <Latency = 1> <II = 1> <Delay = 0.54> <Storage> <Opcode : 'load' 'store'> <Ports = 2> <Width = 16> <Depth = 8> <RAM>
ST_5 : Operation 216 [1/1] (0.54ns)   --->   "store i16 %input_5_load_17, i16* getelementptr inbounds ([8 x i16]* @DCT_1D_in_buf_col_3, i64 0, i64 5), align 2" [dct.c:35]   --->   Operation 216 'store' <Predicate = true> <Delay = 0.54> <Core = "RAM">   --->   Core 37 'RAM' <Latency = 1> <II = 1> <Delay = 0.54> <Storage> <Opcode : 'load' 'store'> <Ports = 2> <Width = 16> <Depth = 8> <RAM>
ST_5 : Operation 217 [1/1] (0.54ns)   --->   "store i16 %input_2_load_18, i16* getelementptr inbounds ([8 x i16]* @DCT_1D_in_buf_col_4, i64 0, i64 2), align 2" [dct.c:35]   --->   Operation 217 'store' <Predicate = true> <Delay = 0.54> <Core = "RAM">   --->   Core 37 'RAM' <Latency = 1> <II = 1> <Delay = 0.54> <Storage> <Opcode : 'load' 'store'> <Ports = 2> <Width = 16> <Depth = 8> <RAM>
ST_5 : Operation 218 [1/1] (0.54ns)   --->   "store i16 %input_3_load_18, i16* getelementptr inbounds ([8 x i16]* @DCT_1D_in_buf_col_4, i64 0, i64 3), align 2" [dct.c:35]   --->   Operation 218 'store' <Predicate = true> <Delay = 0.54> <Core = "RAM">   --->   Core 37 'RAM' <Latency = 1> <II = 1> <Delay = 0.54> <Storage> <Opcode : 'load' 'store'> <Ports = 2> <Width = 16> <Depth = 8> <RAM>
ST_5 : Operation 219 [1/1] (0.54ns)   --->   "store i16 %input_2_load_19, i16* getelementptr inbounds ([8 x i16]* @DCT_1D_in_buf_col_5, i64 0, i64 2), align 2" [dct.c:35]   --->   Operation 219 'store' <Predicate = true> <Delay = 0.54> <Core = "RAM">   --->   Core 37 'RAM' <Latency = 1> <II = 1> <Delay = 0.54> <Storage> <Opcode : 'load' 'store'> <Ports = 2> <Width = 16> <Depth = 8> <RAM>
ST_5 : Operation 220 [1/1] (0.54ns)   --->   "store i16 %input_3_load_19, i16* getelementptr inbounds ([8 x i16]* @DCT_1D_in_buf_col_5, i64 0, i64 3), align 2" [dct.c:35]   --->   Operation 220 'store' <Predicate = true> <Delay = 0.54> <Core = "RAM">   --->   Core 37 'RAM' <Latency = 1> <II = 1> <Delay = 0.54> <Storage> <Opcode : 'load' 'store'> <Ports = 2> <Width = 16> <Depth = 8> <RAM>
ST_5 : Operation 221 [1/2] (0.54ns)   --->   "%input_0_load_20 = load i16* %input_0_addr_20, align 2" [dct.c:35]   --->   Operation 221 'load' 'input_0_load_20' <Predicate = true> <Delay = 0.54> <Core = "RAM">   --->   Core 37 'RAM' <Latency = 1> <II = 1> <Delay = 0.54> <Storage> <Opcode : 'load' 'store'> <Ports = 2> <Width = 16> <Depth = 8> <RAM>
ST_5 : Operation 222 [1/1] (0.54ns)   --->   "store i16 %input_0_load_20, i16* getelementptr inbounds ([8 x i16]* @DCT_1D_in_buf_col_6, i64 0, i64 0), align 2" [dct.c:35]   --->   Operation 222 'store' <Predicate = true> <Delay = 0.54> <Core = "RAM">   --->   Core 37 'RAM' <Latency = 1> <II = 1> <Delay = 0.54> <Storage> <Opcode : 'load' 'store'> <Ports = 2> <Width = 16> <Depth = 8> <RAM>
ST_5 : Operation 223 [1/2] (0.54ns)   --->   "%input_1_load_20 = load i16* %input_1_addr_20, align 2" [dct.c:35]   --->   Operation 223 'load' 'input_1_load_20' <Predicate = true> <Delay = 0.54> <Core = "RAM">   --->   Core 37 'RAM' <Latency = 1> <II = 1> <Delay = 0.54> <Storage> <Opcode : 'load' 'store'> <Ports = 2> <Width = 16> <Depth = 8> <RAM>
ST_5 : Operation 224 [1/1] (0.54ns)   --->   "store i16 %input_1_load_20, i16* getelementptr inbounds ([8 x i16]* @DCT_1D_in_buf_col_6, i64 0, i64 1), align 2" [dct.c:35]   --->   Operation 224 'store' <Predicate = true> <Delay = 0.54> <Core = "RAM">   --->   Core 37 'RAM' <Latency = 1> <II = 1> <Delay = 0.54> <Storage> <Opcode : 'load' 'store'> <Ports = 2> <Width = 16> <Depth = 8> <RAM>
ST_5 : Operation 225 [1/2] (0.54ns)   --->   "%input_2_load_20 = load i16* %input_2_addr_20, align 2" [dct.c:35]   --->   Operation 225 'load' 'input_2_load_20' <Predicate = true> <Delay = 0.54> <Core = "RAM">   --->   Core 37 'RAM' <Latency = 1> <II = 1> <Delay = 0.54> <Storage> <Opcode : 'load' 'store'> <Ports = 2> <Width = 16> <Depth = 8> <RAM>
ST_5 : Operation 226 [1/2] (0.54ns)   --->   "%input_3_load_20 = load i16* %input_3_addr_20, align 2" [dct.c:35]   --->   Operation 226 'load' 'input_3_load_20' <Predicate = true> <Delay = 0.54> <Core = "RAM">   --->   Core 37 'RAM' <Latency = 1> <II = 1> <Delay = 0.54> <Storage> <Opcode : 'load' 'store'> <Ports = 2> <Width = 16> <Depth = 8> <RAM>
ST_5 : Operation 227 [1/2] (0.54ns)   --->   "%input_4_load_20 = load i16* %input_4_addr_20, align 2" [dct.c:35]   --->   Operation 227 'load' 'input_4_load_20' <Predicate = true> <Delay = 0.54> <Core = "RAM">   --->   Core 37 'RAM' <Latency = 1> <II = 1> <Delay = 0.54> <Storage> <Opcode : 'load' 'store'> <Ports = 2> <Width = 16> <Depth = 8> <RAM>
ST_5 : Operation 228 [1/2] (0.54ns)   --->   "%input_5_load_20 = load i16* %input_5_addr_20, align 2" [dct.c:35]   --->   Operation 228 'load' 'input_5_load_20' <Predicate = true> <Delay = 0.54> <Core = "RAM">   --->   Core 37 'RAM' <Latency = 1> <II = 1> <Delay = 0.54> <Storage> <Opcode : 'load' 'store'> <Ports = 2> <Width = 16> <Depth = 8> <RAM>
ST_5 : Operation 229 [1/2] (0.54ns)   --->   "%input_6_load_20 = load i16* %input_6_addr_20, align 2" [dct.c:35]   --->   Operation 229 'load' 'input_6_load_20' <Predicate = true> <Delay = 0.54> <Core = "RAM">   --->   Core 37 'RAM' <Latency = 1> <II = 1> <Delay = 0.54> <Storage> <Opcode : 'load' 'store'> <Ports = 2> <Width = 16> <Depth = 8> <RAM>
ST_5 : Operation 230 [1/2] (0.54ns)   --->   "%input_7_load_20 = load i16* %input_7_addr_20, align 2" [dct.c:35]   --->   Operation 230 'load' 'input_7_load_20' <Predicate = true> <Delay = 0.54> <Core = "RAM">   --->   Core 37 'RAM' <Latency = 1> <II = 1> <Delay = 0.54> <Storage> <Opcode : 'load' 'store'> <Ports = 2> <Width = 16> <Depth = 8> <RAM>
ST_5 : Operation 231 [1/2] (0.54ns)   --->   "%input_0_load_21 = load i16* %input_0_addr_21, align 2" [dct.c:35]   --->   Operation 231 'load' 'input_0_load_21' <Predicate = true> <Delay = 0.54> <Core = "RAM">   --->   Core 37 'RAM' <Latency = 1> <II = 1> <Delay = 0.54> <Storage> <Opcode : 'load' 'store'> <Ports = 2> <Width = 16> <Depth = 8> <RAM>
ST_5 : Operation 232 [1/1] (0.54ns)   --->   "store i16 %input_0_load_21, i16* getelementptr inbounds ([8 x i16]* @DCT_1D_in_buf_col_7, i64 0, i64 0), align 2" [dct.c:35]   --->   Operation 232 'store' <Predicate = true> <Delay = 0.54> <Core = "RAM">   --->   Core 37 'RAM' <Latency = 1> <II = 1> <Delay = 0.54> <Storage> <Opcode : 'load' 'store'> <Ports = 2> <Width = 16> <Depth = 8> <RAM>
ST_5 : Operation 233 [1/2] (0.54ns)   --->   "%input_1_load_21 = load i16* %input_1_addr_21, align 2" [dct.c:35]   --->   Operation 233 'load' 'input_1_load_21' <Predicate = true> <Delay = 0.54> <Core = "RAM">   --->   Core 37 'RAM' <Latency = 1> <II = 1> <Delay = 0.54> <Storage> <Opcode : 'load' 'store'> <Ports = 2> <Width = 16> <Depth = 8> <RAM>
ST_5 : Operation 234 [1/1] (0.54ns)   --->   "store i16 %input_1_load_21, i16* getelementptr inbounds ([8 x i16]* @DCT_1D_in_buf_col_7, i64 0, i64 1), align 2" [dct.c:35]   --->   Operation 234 'store' <Predicate = true> <Delay = 0.54> <Core = "RAM">   --->   Core 37 'RAM' <Latency = 1> <II = 1> <Delay = 0.54> <Storage> <Opcode : 'load' 'store'> <Ports = 2> <Width = 16> <Depth = 8> <RAM>
ST_5 : Operation 235 [1/2] (0.54ns)   --->   "%input_2_load_21 = load i16* %input_2_addr_21, align 2" [dct.c:35]   --->   Operation 235 'load' 'input_2_load_21' <Predicate = true> <Delay = 0.54> <Core = "RAM">   --->   Core 37 'RAM' <Latency = 1> <II = 1> <Delay = 0.54> <Storage> <Opcode : 'load' 'store'> <Ports = 2> <Width = 16> <Depth = 8> <RAM>
ST_5 : Operation 236 [1/2] (0.54ns)   --->   "%input_3_load_21 = load i16* %input_3_addr_21, align 2" [dct.c:35]   --->   Operation 236 'load' 'input_3_load_21' <Predicate = true> <Delay = 0.54> <Core = "RAM">   --->   Core 37 'RAM' <Latency = 1> <II = 1> <Delay = 0.54> <Storage> <Opcode : 'load' 'store'> <Ports = 2> <Width = 16> <Depth = 8> <RAM>
ST_5 : Operation 237 [1/2] (0.54ns)   --->   "%input_4_load_21 = load i16* %input_4_addr_21, align 2" [dct.c:35]   --->   Operation 237 'load' 'input_4_load_21' <Predicate = true> <Delay = 0.54> <Core = "RAM">   --->   Core 37 'RAM' <Latency = 1> <II = 1> <Delay = 0.54> <Storage> <Opcode : 'load' 'store'> <Ports = 2> <Width = 16> <Depth = 8> <RAM>
ST_5 : Operation 238 [1/2] (0.54ns)   --->   "%input_5_load_21 = load i16* %input_5_addr_21, align 2" [dct.c:35]   --->   Operation 238 'load' 'input_5_load_21' <Predicate = true> <Delay = 0.54> <Core = "RAM">   --->   Core 37 'RAM' <Latency = 1> <II = 1> <Delay = 0.54> <Storage> <Opcode : 'load' 'store'> <Ports = 2> <Width = 16> <Depth = 8> <RAM>
ST_5 : Operation 239 [1/2] (0.54ns)   --->   "%input_6_load_21 = load i16* %input_6_addr_21, align 2" [dct.c:35]   --->   Operation 239 'load' 'input_6_load_21' <Predicate = true> <Delay = 0.54> <Core = "RAM">   --->   Core 37 'RAM' <Latency = 1> <II = 1> <Delay = 0.54> <Storage> <Opcode : 'load' 'store'> <Ports = 2> <Width = 16> <Depth = 8> <RAM>
ST_5 : Operation 240 [1/2] (0.54ns)   --->   "%input_7_load_21 = load i16* %input_7_addr_21, align 2" [dct.c:35]   --->   Operation 240 'load' 'input_7_load_21' <Predicate = true> <Delay = 0.54> <Core = "RAM">   --->   Core 37 'RAM' <Latency = 1> <II = 1> <Delay = 0.54> <Storage> <Opcode : 'load' 'store'> <Ports = 2> <Width = 16> <Depth = 8> <RAM>

State 6 <SV = 5> <Delay = 0.54>
ST_6 : Operation 241 [1/1] (0.54ns)   --->   "store i16 %input_6_load_16, i16* getelementptr inbounds ([8 x i16]* @DCT_1D_in_buf_col_2, i64 0, i64 6), align 2" [dct.c:35]   --->   Operation 241 'store' <Predicate = true> <Delay = 0.54> <Core = "RAM">   --->   Core 37 'RAM' <Latency = 1> <II = 1> <Delay = 0.54> <Storage> <Opcode : 'load' 'store'> <Ports = 2> <Width = 16> <Depth = 8> <RAM>
ST_6 : Operation 242 [1/1] (0.54ns)   --->   "store i16 %input_7_load_16, i16* getelementptr inbounds ([8 x i16]* @DCT_1D_in_buf_col_2, i64 0, i64 7), align 2" [dct.c:35]   --->   Operation 242 'store' <Predicate = true> <Delay = 0.54> <Core = "RAM">   --->   Core 37 'RAM' <Latency = 1> <II = 1> <Delay = 0.54> <Storage> <Opcode : 'load' 'store'> <Ports = 2> <Width = 16> <Depth = 8> <RAM>
ST_6 : Operation 243 [1/1] (0.54ns)   --->   "store i16 %input_6_load_17, i16* getelementptr inbounds ([8 x i16]* @DCT_1D_in_buf_col_3, i64 0, i64 6), align 2" [dct.c:35]   --->   Operation 243 'store' <Predicate = true> <Delay = 0.54> <Core = "RAM">   --->   Core 37 'RAM' <Latency = 1> <II = 1> <Delay = 0.54> <Storage> <Opcode : 'load' 'store'> <Ports = 2> <Width = 16> <Depth = 8> <RAM>
ST_6 : Operation 244 [1/1] (0.54ns)   --->   "store i16 %input_7_load_17, i16* getelementptr inbounds ([8 x i16]* @DCT_1D_in_buf_col_3, i64 0, i64 7), align 2" [dct.c:35]   --->   Operation 244 'store' <Predicate = true> <Delay = 0.54> <Core = "RAM">   --->   Core 37 'RAM' <Latency = 1> <II = 1> <Delay = 0.54> <Storage> <Opcode : 'load' 'store'> <Ports = 2> <Width = 16> <Depth = 8> <RAM>
ST_6 : Operation 245 [1/1] (0.54ns)   --->   "store i16 %input_4_load_18, i16* getelementptr inbounds ([8 x i16]* @DCT_1D_in_buf_col_4, i64 0, i64 4), align 2" [dct.c:35]   --->   Operation 245 'store' <Predicate = true> <Delay = 0.54> <Core = "RAM">   --->   Core 37 'RAM' <Latency = 1> <II = 1> <Delay = 0.54> <Storage> <Opcode : 'load' 'store'> <Ports = 2> <Width = 16> <Depth = 8> <RAM>
ST_6 : Operation 246 [1/1] (0.54ns)   --->   "store i16 %input_5_load_18, i16* getelementptr inbounds ([8 x i16]* @DCT_1D_in_buf_col_4, i64 0, i64 5), align 2" [dct.c:35]   --->   Operation 246 'store' <Predicate = true> <Delay = 0.54> <Core = "RAM">   --->   Core 37 'RAM' <Latency = 1> <II = 1> <Delay = 0.54> <Storage> <Opcode : 'load' 'store'> <Ports = 2> <Width = 16> <Depth = 8> <RAM>
ST_6 : Operation 247 [1/1] (0.54ns)   --->   "store i16 %input_4_load_19, i16* getelementptr inbounds ([8 x i16]* @DCT_1D_in_buf_col_5, i64 0, i64 4), align 2" [dct.c:35]   --->   Operation 247 'store' <Predicate = true> <Delay = 0.54> <Core = "RAM">   --->   Core 37 'RAM' <Latency = 1> <II = 1> <Delay = 0.54> <Storage> <Opcode : 'load' 'store'> <Ports = 2> <Width = 16> <Depth = 8> <RAM>
ST_6 : Operation 248 [1/1] (0.54ns)   --->   "store i16 %input_5_load_19, i16* getelementptr inbounds ([8 x i16]* @DCT_1D_in_buf_col_5, i64 0, i64 5), align 2" [dct.c:35]   --->   Operation 248 'store' <Predicate = true> <Delay = 0.54> <Core = "RAM">   --->   Core 37 'RAM' <Latency = 1> <II = 1> <Delay = 0.54> <Storage> <Opcode : 'load' 'store'> <Ports = 2> <Width = 16> <Depth = 8> <RAM>
ST_6 : Operation 249 [1/1] (0.54ns)   --->   "store i16 %input_2_load_20, i16* getelementptr inbounds ([8 x i16]* @DCT_1D_in_buf_col_6, i64 0, i64 2), align 2" [dct.c:35]   --->   Operation 249 'store' <Predicate = true> <Delay = 0.54> <Core = "RAM">   --->   Core 37 'RAM' <Latency = 1> <II = 1> <Delay = 0.54> <Storage> <Opcode : 'load' 'store'> <Ports = 2> <Width = 16> <Depth = 8> <RAM>
ST_6 : Operation 250 [1/1] (0.54ns)   --->   "store i16 %input_3_load_20, i16* getelementptr inbounds ([8 x i16]* @DCT_1D_in_buf_col_6, i64 0, i64 3), align 2" [dct.c:35]   --->   Operation 250 'store' <Predicate = true> <Delay = 0.54> <Core = "RAM">   --->   Core 37 'RAM' <Latency = 1> <II = 1> <Delay = 0.54> <Storage> <Opcode : 'load' 'store'> <Ports = 2> <Width = 16> <Depth = 8> <RAM>
ST_6 : Operation 251 [1/1] (0.54ns)   --->   "store i16 %input_2_load_21, i16* getelementptr inbounds ([8 x i16]* @DCT_1D_in_buf_col_7, i64 0, i64 2), align 2" [dct.c:35]   --->   Operation 251 'store' <Predicate = true> <Delay = 0.54> <Core = "RAM">   --->   Core 37 'RAM' <Latency = 1> <II = 1> <Delay = 0.54> <Storage> <Opcode : 'load' 'store'> <Ports = 2> <Width = 16> <Depth = 8> <RAM>
ST_6 : Operation 252 [1/1] (0.54ns)   --->   "store i16 %input_3_load_21, i16* getelementptr inbounds ([8 x i16]* @DCT_1D_in_buf_col_7, i64 0, i64 3), align 2" [dct.c:35]   --->   Operation 252 'store' <Predicate = true> <Delay = 0.54> <Core = "RAM">   --->   Core 37 'RAM' <Latency = 1> <II = 1> <Delay = 0.54> <Storage> <Opcode : 'load' 'store'> <Ports = 2> <Width = 16> <Depth = 8> <RAM>

State 7 <SV = 6> <Delay = 0.54>
ST_7 : Operation 253 [1/1] (0.54ns)   --->   "store i16 %input_6_load_18, i16* getelementptr inbounds ([8 x i16]* @DCT_1D_in_buf_col_4, i64 0, i64 6), align 2" [dct.c:35]   --->   Operation 253 'store' <Predicate = true> <Delay = 0.54> <Core = "RAM">   --->   Core 37 'RAM' <Latency = 1> <II = 1> <Delay = 0.54> <Storage> <Opcode : 'load' 'store'> <Ports = 2> <Width = 16> <Depth = 8> <RAM>
ST_7 : Operation 254 [1/1] (0.54ns)   --->   "store i16 %input_7_load_18, i16* getelementptr inbounds ([8 x i16]* @DCT_1D_in_buf_col_4, i64 0, i64 7), align 2" [dct.c:35]   --->   Operation 254 'store' <Predicate = true> <Delay = 0.54> <Core = "RAM">   --->   Core 37 'RAM' <Latency = 1> <II = 1> <Delay = 0.54> <Storage> <Opcode : 'load' 'store'> <Ports = 2> <Width = 16> <Depth = 8> <RAM>
ST_7 : Operation 255 [1/1] (0.54ns)   --->   "store i16 %input_6_load_19, i16* getelementptr inbounds ([8 x i16]* @DCT_1D_in_buf_col_5, i64 0, i64 6), align 2" [dct.c:35]   --->   Operation 255 'store' <Predicate = true> <Delay = 0.54> <Core = "RAM">   --->   Core 37 'RAM' <Latency = 1> <II = 1> <Delay = 0.54> <Storage> <Opcode : 'load' 'store'> <Ports = 2> <Width = 16> <Depth = 8> <RAM>
ST_7 : Operation 256 [1/1] (0.54ns)   --->   "store i16 %input_7_load_19, i16* getelementptr inbounds ([8 x i16]* @DCT_1D_in_buf_col_5, i64 0, i64 7), align 2" [dct.c:35]   --->   Operation 256 'store' <Predicate = true> <Delay = 0.54> <Core = "RAM">   --->   Core 37 'RAM' <Latency = 1> <II = 1> <Delay = 0.54> <Storage> <Opcode : 'load' 'store'> <Ports = 2> <Width = 16> <Depth = 8> <RAM>
ST_7 : Operation 257 [1/1] (0.54ns)   --->   "store i16 %input_4_load_20, i16* getelementptr inbounds ([8 x i16]* @DCT_1D_in_buf_col_6, i64 0, i64 4), align 2" [dct.c:35]   --->   Operation 257 'store' <Predicate = true> <Delay = 0.54> <Core = "RAM">   --->   Core 37 'RAM' <Latency = 1> <II = 1> <Delay = 0.54> <Storage> <Opcode : 'load' 'store'> <Ports = 2> <Width = 16> <Depth = 8> <RAM>
ST_7 : Operation 258 [1/1] (0.54ns)   --->   "store i16 %input_5_load_20, i16* getelementptr inbounds ([8 x i16]* @DCT_1D_in_buf_col_6, i64 0, i64 5), align 2" [dct.c:35]   --->   Operation 258 'store' <Predicate = true> <Delay = 0.54> <Core = "RAM">   --->   Core 37 'RAM' <Latency = 1> <II = 1> <Delay = 0.54> <Storage> <Opcode : 'load' 'store'> <Ports = 2> <Width = 16> <Depth = 8> <RAM>
ST_7 : Operation 259 [1/1] (0.54ns)   --->   "store i16 %input_4_load_21, i16* getelementptr inbounds ([8 x i16]* @DCT_1D_in_buf_col_7, i64 0, i64 4), align 2" [dct.c:35]   --->   Operation 259 'store' <Predicate = true> <Delay = 0.54> <Core = "RAM">   --->   Core 37 'RAM' <Latency = 1> <II = 1> <Delay = 0.54> <Storage> <Opcode : 'load' 'store'> <Ports = 2> <Width = 16> <Depth = 8> <RAM>
ST_7 : Operation 260 [1/1] (0.54ns)   --->   "store i16 %input_5_load_21, i16* getelementptr inbounds ([8 x i16]* @DCT_1D_in_buf_col_7, i64 0, i64 5), align 2" [dct.c:35]   --->   Operation 260 'store' <Predicate = true> <Delay = 0.54> <Core = "RAM">   --->   Core 37 'RAM' <Latency = 1> <II = 1> <Delay = 0.54> <Storage> <Opcode : 'load' 'store'> <Ports = 2> <Width = 16> <Depth = 8> <RAM>

State 8 <SV = 7> <Delay = 0.54>
ST_8 : Operation 261 [1/1] (0.00ns)   --->   "call void (...)* @_ssdm_op_SpecPipeline(i32 -1, i32 1, i32 1, i32 0, [1 x i8]* @p_str) nounwind" [dct.c:28]   --->   Operation 261 'specpipeline' <Predicate = true> <Delay = 0.00>
ST_8 : Operation 262 [1/1] (0.54ns)   --->   "store i16 %input_6_load_20, i16* getelementptr inbounds ([8 x i16]* @DCT_1D_in_buf_col_6, i64 0, i64 6), align 2" [dct.c:35]   --->   Operation 262 'store' <Predicate = true> <Delay = 0.54> <Core = "RAM">   --->   Core 37 'RAM' <Latency = 1> <II = 1> <Delay = 0.54> <Storage> <Opcode : 'load' 'store'> <Ports = 2> <Width = 16> <Depth = 8> <RAM>
ST_8 : Operation 263 [1/1] (0.54ns)   --->   "store i16 %input_7_load_20, i16* getelementptr inbounds ([8 x i16]* @DCT_1D_in_buf_col_6, i64 0, i64 7), align 2" [dct.c:35]   --->   Operation 263 'store' <Predicate = true> <Delay = 0.54> <Core = "RAM">   --->   Core 37 'RAM' <Latency = 1> <II = 1> <Delay = 0.54> <Storage> <Opcode : 'load' 'store'> <Ports = 2> <Width = 16> <Depth = 8> <RAM>
ST_8 : Operation 264 [1/1] (0.54ns)   --->   "store i16 %input_6_load_21, i16* getelementptr inbounds ([8 x i16]* @DCT_1D_in_buf_col_7, i64 0, i64 6), align 2" [dct.c:35]   --->   Operation 264 'store' <Predicate = true> <Delay = 0.54> <Core = "RAM">   --->   Core 37 'RAM' <Latency = 1> <II = 1> <Delay = 0.54> <Storage> <Opcode : 'load' 'store'> <Ports = 2> <Width = 16> <Depth = 8> <RAM>
ST_8 : Operation 265 [1/1] (0.54ns)   --->   "store i16 %input_7_load_21, i16* getelementptr inbounds ([8 x i16]* @DCT_1D_in_buf_col_7, i64 0, i64 7), align 2" [dct.c:35]   --->   Operation 265 'store' <Predicate = true> <Delay = 0.54> <Core = "RAM">   --->   Core 37 'RAM' <Latency = 1> <II = 1> <Delay = 0.54> <Storage> <Opcode : 'load' 'store'> <Ports = 2> <Width = 16> <Depth = 8> <RAM>
ST_8 : Operation 266 [1/1] (0.00ns)   --->   "ret void" [dct.c:39]   --->   Operation 266 'ret' <Predicate = true> <Delay = 0.00>


============================================================
+ Verbose Summary: Timing violations
============================================================
Target clock period: 10ns, clock uncertainty: 1.25ns.

 <State 1>: 0.542ns
The critical path consists of the following:
	'getelementptr' operation ('input_0_addr', dct.c:35) [10]  (0 ns)
	'load' operation ('input_0_load', dct.c:35) on array 'input_0' [11]  (0.542 ns)

 <State 2>: 1.08ns
The critical path consists of the following:
	'load' operation ('input_0_load', dct.c:35) on array 'input_0' [11]  (0.542 ns)
	'store' operation ('store_ln35', dct.c:35) of variable 'input_0_load', dct.c:35 on array 'DCT_1D_in_buf_col_0' [12]  (0.542 ns)

 <State 3>: 1.08ns
The critical path consists of the following:
	'load' operation ('input_0_load_16', dct.c:35) on array 'input_0' [59]  (0.542 ns)
	'store' operation ('store_ln35', dct.c:35) of variable 'input_0_load_16', dct.c:35 on array 'DCT_1D_in_buf_col_2' [60]  (0.542 ns)

 <State 4>: 1.08ns
The critical path consists of the following:
	'load' operation ('input_0_load_18', dct.c:35) on array 'input_0' [107]  (0.542 ns)
	'store' operation ('store_ln35', dct.c:35) of variable 'input_0_load_18', dct.c:35 on array 'DCT_1D_in_buf_col_4' [108]  (0.542 ns)

 <State 5>: 1.08ns
The critical path consists of the following:
	'load' operation ('input_0_load_20', dct.c:35) on array 'input_0' [155]  (0.542 ns)
	'store' operation ('store_ln35', dct.c:35) of variable 'input_0_load_20', dct.c:35 on array 'DCT_1D_in_buf_col_6' [156]  (0.542 ns)

 <State 6>: 0.542ns
The critical path consists of the following:
	'store' operation ('store_ln35', dct.c:35) of variable 'input_6_load_16', dct.c:35 on array 'DCT_1D_in_buf_col_2' [78]  (0.542 ns)

 <State 7>: 0.542ns
The critical path consists of the following:
	'store' operation ('store_ln35', dct.c:35) of variable 'input_6_load_18', dct.c:35 on array 'DCT_1D_in_buf_col_4' [126]  (0.542 ns)

 <State 8>: 0.542ns
The critical path consists of the following:
	'store' operation ('store_ln35', dct.c:35) of variable 'input_6_load_20', dct.c:35 on array 'DCT_1D_in_buf_col_6' [174]  (0.542 ns)


============================================================
+ Verbose Summary: Binding
============================================================
N/A
* FSMD analyzer results:
  - Output states:
 - Input state : 
  - Chain level:
	State 1
	State 2
	State 3
	State 4
	State 5
	State 6
	State 7
	State 8


============================================================
+ Verbose Summary: Datapath Resource usage 
============================================================
N/A
